[     202ms] [WARNING] THREE.THREE.Clock: This module has been deprecated. Please use THREE.Timer instead. @ http://localhost:3000/node_modules/.vite/deps/chunk-JN4RKZY7.js?v=7adbc2ae:745
[     251ms] [WARNING] using deprecated parameters for the initialization function; pass a single object instead @ http://localhost:3000/node_modules/.vite/deps/chunk-LLEILHP5.js?v=7adbc2ae:2516
[    1150ms] [WARNING] THREE.WebGLShadowMap: PCFSoftShadowMap has been deprecated. Using PCFShadowMap instead. @ http://localhost:3000/node_modules/.vite/deps/chunk-JN4RKZY7.js?v=7adbc2ae:745
[   20246ms] [WARNING] THREE.THREE.Clock: This module has been deprecated. Please use THREE.Timer instead. @ http://localhost:3000/node_modules/.vite/deps/chunk-JN4RKZY7.js?v=7adbc2ae:745
[   20290ms] [WARNING] using deprecated parameters for the initialization function; pass a single object instead @ http://localhost:3000/node_modules/.vite/deps/chunk-LLEILHP5.js?v=7adbc2ae:2516
[   21199ms] [WARNING] THREE.WebGLShadowMap: PCFSoftShadowMap has been deprecated. Using PCFShadowMap instead. @ http://localhost:3000/node_modules/.vite/deps/chunk-JN4RKZY7.js?v=7adbc2ae:745
[ 7193211ms] [WARNING] THREE.THREE.Clock: This module has been deprecated. Please use THREE.Timer instead. @ http://localhost:3000/node_modules/.vite/deps/chunk-JN4RKZY7.js?v=7adbc2ae:745
[ 7193260ms] [WARNING] using deprecated parameters for the initialization function; pass a single object instead @ http://localhost:3000/node_modules/.vite/deps/chunk-LLEILHP5.js?v=7adbc2ae:2516
[ 7194187ms] [WARNING] THREE.WebGLShadowMap: PCFSoftShadowMap has been deprecated. Using PCFShadowMap instead. @ http://localhost:3000/node_modules/.vite/deps/chunk-JN4RKZY7.js?v=7adbc2ae:745
[ 7323484ms] [WARNING] THREE.THREE.Clock: This module has been deprecated. Please use THREE.Timer instead. @ http://localhost:3000/node_modules/.vite/deps/chunk-JN4RKZY7.js?v=7adbc2ae:745
[ 7323527ms] [WARNING] using deprecated parameters for the initialization function; pass a single object instead @ http://localhost:3000/node_modules/.vite/deps/chunk-LLEILHP5.js?v=7adbc2ae:2516
[ 7324437ms] [WARNING] THREE.WebGLShadowMap: PCFSoftShadowMap has been deprecated. Using PCFShadowMap instead. @ http://localhost:3000/node_modules/.vite/deps/chunk-JN4RKZY7.js?v=7adbc2ae:745
[ 7342442ms] [WARNING] THREE.WebGLShadowMap: PCFSoftShadowMap has been deprecated. Using PCFShadowMap instead. @ http://localhost:3000/node_modules/.vite/deps/chunk-JN4RKZY7.js?v=7adbc2ae:745
[ 7346804ms] [ERROR] 검색 오류: TypeError: Cannot read properties of undefined (reading '_zod')
    at inst._zod.parse (http://localhost:3000/node_modules/.vite/deps/zod.js?v=7adbc2ae:3577:38)
    at inst._zod.parse (http://localhost:3000/node_modules/.vite/deps/zod.js?v=7adbc2ae:3798:31)
    at inst._zod.parse (http://localhost:3000/node_modules/.vite/deps/zod.js?v=7adbc2ae:3838:39)
    at eval (eval at compile (http://localhost:3000/node_modules/.vite/deps/zod.js?v=7adbc2ae:2244:12), <anonymous>:73:36)
    at http://localhost:3000/node_modules/.vite/deps/zod.js?v=7adbc2ae:3100:30
    at inst._zod.parse (http://localhost:3000/node_modules/.vite/deps/zod.js?v=7adbc2ae:3124:17)
    at inst._zod.parse (http://localhost:3000/node_modules/.vite/deps/zod.js?v=7adbc2ae:3178:34)
    at inst._zod.parse (http://localhost:3000/node_modules/.vite/deps/zod.js?v=7adbc2ae:2887:39)
    at eval (eval at compile (http://localhost:3000/node_modules/.vite/deps/zod.js?v=7adbc2ae:2244:12), <anonymous>:43:40)
    at http://localhost:3000/node_modules/.vite/deps/zod.js?v=7adbc2ae:3100:30 @ http://localhost:3000/src/hooks/useSearch.ts:42
