[    1158ms] [WARNING] THREE.THREE.Clock: This module has been deprecated. Please use THREE.Timer instead. @ http://localhost:3002/node_modules/.vite/deps/chunk-JN4RKZY7.js?v=368c7a2e:745
[    1215ms] [WARNING] using deprecated parameters for the initialization function; pass a single object instead @ http://localhost:3002/node_modules/.vite/deps/chunk-LLEILHP5.js?v=368c7a2e:2516
[    1247ms] [WARNING] THREE.FBXLoader: %s map is not supported in three.js, skipping texture. Maya|normalCamera @ http://localhost:3002/node_modules/.vite/deps/three_examples_jsm_loaders_FBXLoader__js.js?v=368c7a2e:2502
[    1247ms] [WARNING] THREE.FBXLoader: %s map is not supported in three.js, skipping texture. Maya|baseColor @ http://localhost:3002/node_modules/.vite/deps/three_examples_jsm_loaders_FBXLoader__js.js?v=368c7a2e:2502
[    1247ms] [WARNING] THREE.FBXLoader: %s map is not supported in three.js, skipping texture. Maya|specularRoughness @ http://localhost:3002/node_modules/.vite/deps/three_examples_jsm_loaders_FBXLoader__js.js?v=368c7a2e:2502
[    1247ms] [WARNING] THREE.FBXLoader: %s map is not supported in three.js, skipping texture. Maya|metalness @ http://localhost:3002/node_modules/.vite/deps/three_examples_jsm_loaders_FBXLoader__js.js?v=368c7a2e:2502
[    1247ms] [WARNING] THREE.FBXLoader: unknown material type "%s". Defaulting to MeshPhongMaterial. unknown @ http://localhost:3002/node_modules/.vite/deps/three_examples_jsm_loaders_FBXLoader__js.js?v=368c7a2e:2394
[    1314ms] [WARNING] THREE.FBXLoader: %s map is not supported in three.js, skipping texture. Maya|normalCamera @ http://localhost:3002/node_modules/.vite/deps/three_examples_jsm_loaders_FBXLoader__js.js?v=368c7a2e:2502
[    1314ms] [WARNING] THREE.FBXLoader: %s map is not supported in three.js, skipping texture. Maya|baseColor @ http://localhost:3002/node_modules/.vite/deps/three_examples_jsm_loaders_FBXLoader__js.js?v=368c7a2e:2502
[    1314ms] [WARNING] THREE.FBXLoader: %s map is not supported in three.js, skipping texture. Maya|specularRoughness @ http://localhost:3002/node_modules/.vite/deps/three_examples_jsm_loaders_FBXLoader__js.js?v=368c7a2e:2502
[    1314ms] [WARNING] THREE.FBXLoader: %s map is not supported in three.js, skipping texture. Maya|metalness @ http://localhost:3002/node_modules/.vite/deps/three_examples_jsm_loaders_FBXLoader__js.js?v=368c7a2e:2502
[    1315ms] [WARNING] THREE.FBXLoader: unknown material type "%s". Defaulting to MeshPhongMaterial. unknown @ http://localhost:3002/node_modules/.vite/deps/three_examples_jsm_loaders_FBXLoader__js.js?v=368c7a2e:2394
[    1369ms] [WARNING] THREE.FBXLoader: %s map is not supported in three.js, skipping texture. Maya|normalCamera @ http://localhost:3002/node_modules/.vite/deps/three_examples_jsm_loaders_FBXLoader__js.js?v=368c7a2e:2502
[    1369ms] [WARNING] THREE.FBXLoader: %s map is not supported in three.js, skipping texture. Maya|baseColor @ http://localhost:3002/node_modules/.vite/deps/three_examples_jsm_loaders_FBXLoader__js.js?v=368c7a2e:2502
[    1369ms] [WARNING] THREE.FBXLoader: %s map is not supported in three.js, skipping texture. Maya|specularRoughness @ http://localhost:3002/node_modules/.vite/deps/three_examples_jsm_loaders_FBXLoader__js.js?v=368c7a2e:2502
[    1369ms] [WARNING] THREE.FBXLoader: %s map is not supported in three.js, skipping texture. Maya|metalness @ http://localhost:3002/node_modules/.vite/deps/three_examples_jsm_loaders_FBXLoader__js.js?v=368c7a2e:2502
[    1369ms] [WARNING] THREE.FBXLoader: unknown material type "%s". Defaulting to MeshPhongMaterial. unknown @ http://localhost:3002/node_modules/.vite/deps/three_examples_jsm_loaders_FBXLoader__js.js?v=368c7a2e:2394
[    2118ms] [WARNING] THREE.WebGLShadowMap: PCFSoftShadowMap has been deprecated. Using PCFShadowMap instead. @ http://localhost:3002/node_modules/.vite/deps/chunk-JN4RKZY7.js?v=368c7a2e:745
[   32197ms] [WARNING] THREE.WebGLShadowMap: PCFSoftShadowMap has been deprecated. Using PCFShadowMap instead. @ http://localhost:3002/node_modules/.vite/deps/chunk-JN4RKZY7.js?v=368c7a2e:745
[   62236ms] [WARNING] THREE.WebGLShadowMap: PCFSoftShadowMap has been deprecated. Using PCFShadowMap instead. @ http://localhost:3002/node_modules/.vite/deps/chunk-JN4RKZY7.js?v=368c7a2e:745
[   92312ms] [WARNING] THREE.WebGLShadowMap: PCFSoftShadowMap has been deprecated. Using PCFShadowMap instead. @ http://localhost:3002/node_modules/.vite/deps/chunk-JN4RKZY7.js?v=368c7a2e:745
[  122363ms] [WARNING] THREE.WebGLShadowMap: PCFSoftShadowMap has been deprecated. Using PCFShadowMap instead. @ http://localhost:3002/node_modules/.vite/deps/chunk-JN4RKZY7.js?v=368c7a2e:745
[  152414ms] [WARNING] THREE.WebGLShadowMap: PCFSoftShadowMap has been deprecated. Using PCFShadowMap instead. @ http://localhost:3002/node_modules/.vite/deps/chunk-JN4RKZY7.js?v=368c7a2e:745
[  182571ms] [WARNING] THREE.WebGLShadowMap: PCFSoftShadowMap has been deprecated. Using PCFShadowMap instead. @ http://localhost:3002/node_modules/.vite/deps/chunk-JN4RKZY7.js?v=368c7a2e:745
[  212663ms] [WARNING] THREE.WebGLShadowMap: PCFSoftShadowMap has been deprecated. Using PCFShadowMap instead. @ http://localhost:3002/node_modules/.vite/deps/chunk-JN4RKZY7.js?v=368c7a2e:745
[  242741ms] [WARNING] THREE.WebGLShadowMap: PCFSoftShadowMap has been deprecated. Using PCFShadowMap instead. @ http://localhost:3002/node_modules/.vite/deps/chunk-JN4RKZY7.js?v=368c7a2e:745
[  272830ms] [WARNING] THREE.WebGLShadowMap: PCFSoftShadowMap has been deprecated. Using PCFShadowMap instead. @ http://localhost:3002/node_modules/.vite/deps/chunk-JN4RKZY7.js?v=368c7a2e:745
[  302908ms] [WARNING] THREE.WebGLShadowMap: PCFSoftShadowMap has been deprecated. Using PCFShadowMap instead. @ http://localhost:3002/node_modules/.vite/deps/chunk-JN4RKZY7.js?v=368c7a2e:745
[  332960ms] [WARNING] THREE.WebGLShadowMap: PCFSoftShadowMap has been deprecated. Using PCFShadowMap instead. @ http://localhost:3002/node_modules/.vite/deps/chunk-JN4RKZY7.js?v=368c7a2e:745
[  363037ms] [WARNING] THREE.WebGLShadowMap: PCFSoftShadowMap has been deprecated. Using PCFShadowMap instead. @ http://localhost:3002/node_modules/.vite/deps/chunk-JN4RKZY7.js?v=368c7a2e:745
[  393075ms] [WARNING] THREE.WebGLShadowMap: PCFSoftShadowMap has been deprecated. Using PCFShadowMap instead. @ http://localhost:3002/node_modules/.vite/deps/chunk-JN4RKZY7.js?v=368c7a2e:745
[  423126ms] [WARNING] THREE.WebGLShadowMap: PCFSoftShadowMap has been deprecated. Using PCFShadowMap instead. @ http://localhost:3002/node_modules/.vite/deps/chunk-JN4RKZY7.js?v=368c7a2e:745
[  453163ms] [WARNING] THREE.WebGLShadowMap: PCFSoftShadowMap has been deprecated. Using PCFShadowMap instead. @ http://localhost:3002/node_modules/.vite/deps/chunk-JN4RKZY7.js?v=368c7a2e:745
[  483242ms] [WARNING] THREE.WebGLShadowMap: PCFSoftShadowMap has been deprecated. Using PCFShadowMap instead. @ http://localhost:3002/node_modules/.vite/deps/chunk-JN4RKZY7.js?v=368c7a2e:745
[  513293ms] [WARNING] THREE.WebGLShadowMap: PCFSoftShadowMap has been deprecated. Using PCFShadowMap instead. @ http://localhost:3002/node_modules/.vite/deps/chunk-JN4RKZY7.js?v=368c7a2e:745
[  543385ms] [WARNING] THREE.WebGLShadowMap: PCFSoftShadowMap has been deprecated. Using PCFShadowMap instead. @ http://localhost:3002/node_modules/.vite/deps/chunk-JN4RKZY7.js?v=368c7a2e:745
[  573464ms] [WARNING] THREE.WebGLShadowMap: PCFSoftShadowMap has been deprecated. Using PCFShadowMap instead. @ http://localhost:3002/node_modules/.vite/deps/chunk-JN4RKZY7.js?v=368c7a2e:745
[  603567ms] [WARNING] THREE.WebGLShadowMap: PCFSoftShadowMap has been deprecated. Using PCFShadowMap instead. @ http://localhost:3002/node_modules/.vite/deps/chunk-JN4RKZY7.js?v=368c7a2e:745
[  633630ms] [WARNING] THREE.WebGLShadowMap: PCFSoftShadowMap has been deprecated. Using PCFShadowMap instead. @ http://localhost:3002/node_modules/.vite/deps/chunk-JN4RKZY7.js?v=368c7a2e:745
[  663721ms] [WARNING] THREE.WebGLShadowMap: PCFSoftShadowMap has been deprecated. Using PCFShadowMap instead. @ http://localhost:3002/node_modules/.vite/deps/chunk-JN4RKZY7.js?v=368c7a2e:745
[  693773ms] [WARNING] THREE.WebGLShadowMap: PCFSoftShadowMap has been deprecated. Using PCFShadowMap instead. @ http://localhost:3002/node_modules/.vite/deps/chunk-JN4RKZY7.js?v=368c7a2e:745
[  723865ms] [WARNING] THREE.WebGLShadowMap: PCFSoftShadowMap has been deprecated. Using PCFShadowMap instead. @ http://localhost:3002/node_modules/.vite/deps/chunk-JN4RKZY7.js?v=368c7a2e:745
[  753968ms] [WARNING] THREE.WebGLShadowMap: PCFSoftShadowMap has been deprecated. Using PCFShadowMap instead. @ http://localhost:3002/node_modules/.vite/deps/chunk-JN4RKZY7.js?v=368c7a2e:745
[  784033ms] [WARNING] THREE.WebGLShadowMap: PCFSoftShadowMap has been deprecated. Using PCFShadowMap instead. @ http://localhost:3002/node_modules/.vite/deps/chunk-JN4RKZY7.js?v=368c7a2e:745
[  814096ms] [WARNING] THREE.WebGLShadowMap: PCFSoftShadowMap has been deprecated. Using PCFShadowMap instead. @ http://localhost:3002/node_modules/.vite/deps/chunk-JN4RKZY7.js?v=368c7a2e:745
[  844190ms] [WARNING] THREE.WebGLShadowMap: PCFSoftShadowMap has been deprecated. Using PCFShadowMap instead. @ http://localhost:3002/node_modules/.vite/deps/chunk-JN4RKZY7.js?v=368c7a2e:745
[  874278ms] [WARNING] THREE.WebGLShadowMap: PCFSoftShadowMap has been deprecated. Using PCFShadowMap instead. @ http://localhost:3002/node_modules/.vite/deps/chunk-JN4RKZY7.js?v=368c7a2e:745
[  904372ms] [WARNING] THREE.WebGLShadowMap: PCFSoftShadowMap has been deprecated. Using PCFShadowMap instead. @ http://localhost:3002/node_modules/.vite/deps/chunk-JN4RKZY7.js?v=368c7a2e:745
[  934449ms] [WARNING] THREE.WebGLShadowMap: PCFSoftShadowMap has been deprecated. Using PCFShadowMap instead. @ http://localhost:3002/node_modules/.vite/deps/chunk-JN4RKZY7.js?v=368c7a2e:745
[  964567ms] [WARNING] THREE.WebGLShadowMap: PCFSoftShadowMap has been deprecated. Using PCFShadowMap instead. @ http://localhost:3002/node_modules/.vite/deps/chunk-JN4RKZY7.js?v=368c7a2e:745
[  994684ms] [WARNING] THREE.WebGLShadowMap: PCFSoftShadowMap has been deprecated. Using PCFShadowMap instead. @ http://localhost:3002/node_modules/.vite/deps/chunk-JN4RKZY7.js?v=368c7a2e:745
[ 1024788ms] [WARNING] THREE.WebGLShadowMap: PCFSoftShadowMap has been deprecated. Using PCFShadowMap instead. @ http://localhost:3002/node_modules/.vite/deps/chunk-JN4RKZY7.js?v=368c7a2e:745
[ 1054867ms] [WARNING] THREE.WebGLShadowMap: PCFSoftShadowMap has been deprecated. Using PCFShadowMap instead. @ http://localhost:3002/node_modules/.vite/deps/chunk-JN4RKZY7.js?v=368c7a2e:745
[ 1084946ms] [WARNING] THREE.WebGLShadowMap: PCFSoftShadowMap has been deprecated. Using PCFShadowMap instead. @ http://localhost:3002/node_modules/.vite/deps/chunk-JN4RKZY7.js?v=368c7a2e:745
[ 1115023ms] [WARNING] THREE.WebGLShadowMap: PCFSoftShadowMap has been deprecated. Using PCFShadowMap instead. @ http://localhost:3002/node_modules/.vite/deps/chunk-JN4RKZY7.js?v=368c7a2e:745
[ 1145047ms] [WARNING] THREE.WebGLShadowMap: PCFSoftShadowMap has been deprecated. Using PCFShadowMap instead. @ http://localhost:3002/node_modules/.vite/deps/chunk-JN4RKZY7.js?v=368c7a2e:745
[ 1175086ms] [WARNING] THREE.WebGLShadowMap: PCFSoftShadowMap has been deprecated. Using PCFShadowMap instead. @ http://localhost:3002/node_modules/.vite/deps/chunk-JN4RKZY7.js?v=368c7a2e:745
[ 1205122ms] [WARNING] THREE.WebGLShadowMap: PCFSoftShadowMap has been deprecated. Using PCFShadowMap instead. @ http://localhost:3002/node_modules/.vite/deps/chunk-JN4RKZY7.js?v=368c7a2e:745
[ 1235186ms] [WARNING] THREE.WebGLShadowMap: PCFSoftShadowMap has been deprecated. Using PCFShadowMap instead. @ http://localhost:3002/node_modules/.vite/deps/chunk-JN4RKZY7.js?v=368c7a2e:745
[ 1265305ms] [WARNING] THREE.WebGLShadowMap: PCFSoftShadowMap has been deprecated. Using PCFShadowMap instead. @ http://localhost:3002/node_modules/.vite/deps/chunk-JN4RKZY7.js?v=368c7a2e:745
[ 1273359ms] [WARNING] THREE.THREE.Clock: This module has been deprecated. Please use THREE.Timer instead. @ http://localhost:3002/node_modules/.vite/deps/chunk-JN4RKZY7.js?v=368c7a2e:745
[ 1273399ms] [WARNING] using deprecated parameters for the initialization function; pass a single object instead @ http://localhost:3002/node_modules/.vite/deps/chunk-LLEILHP5.js?v=368c7a2e:2516
[ 1273405ms] [WARNING] THREE.FBXLoader: %s map is not supported in three.js, skipping texture. Maya|normalCamera @ http://localhost:3002/node_modules/.vite/deps/three_examples_jsm_loaders_FBXLoader__js.js?v=368c7a2e:2502
[ 1273405ms] [WARNING] THREE.FBXLoader: %s map is not supported in three.js, skipping texture. Maya|baseColor @ http://localhost:3002/node_modules/.vite/deps/three_examples_jsm_loaders_FBXLoader__js.js?v=368c7a2e:2502
[ 1273405ms] [WARNING] THREE.FBXLoader: %s map is not supported in three.js, skipping texture. Maya|specularRoughness @ http://localhost:3002/node_modules/.vite/deps/three_examples_jsm_loaders_FBXLoader__js.js?v=368c7a2e:2502
[ 1273405ms] [WARNING] THREE.FBXLoader: %s map is not supported in three.js, skipping texture. Maya|metalness @ http://localhost:3002/node_modules/.vite/deps/three_examples_jsm_loaders_FBXLoader__js.js?v=368c7a2e:2502
[ 1273405ms] [WARNING] THREE.FBXLoader: unknown material type "%s". Defaulting to MeshPhongMaterial. unknown @ http://localhost:3002/node_modules/.vite/deps/three_examples_jsm_loaders_FBXLoader__js.js?v=368c7a2e:2394
[ 1273429ms] [WARNING] THREE.FBXLoader: %s map is not supported in three.js, skipping texture. Maya|normalCamera @ http://localhost:3002/node_modules/.vite/deps/three_examples_jsm_loaders_FBXLoader__js.js?v=368c7a2e:2502
[ 1273429ms] [WARNING] THREE.FBXLoader: %s map is not supported in three.js, skipping texture. Maya|baseColor @ http://localhost:3002/node_modules/.vite/deps/three_examples_jsm_loaders_FBXLoader__js.js?v=368c7a2e:2502
[ 1273430ms] [WARNING] THREE.FBXLoader: %s map is not supported in three.js, skipping texture. Maya|specularRoughness @ http://localhost:3002/node_modules/.vite/deps/three_examples_jsm_loaders_FBXLoader__js.js?v=368c7a2e:2502
[ 1273430ms] [WARNING] THREE.FBXLoader: %s map is not supported in three.js, skipping texture. Maya|metalness @ http://localhost:3002/node_modules/.vite/deps/three_examples_jsm_loaders_FBXLoader__js.js?v=368c7a2e:2502
[ 1273430ms] [WARNING] THREE.FBXLoader: unknown material type "%s". Defaulting to MeshPhongMaterial. unknown @ http://localhost:3002/node_modules/.vite/deps/three_examples_jsm_loaders_FBXLoader__js.js?v=368c7a2e:2394
[ 1273447ms] [WARNING] THREE.FBXLoader: %s map is not supported in three.js, skipping texture. Maya|normalCamera @ http://localhost:3002/node_modules/.vite/deps/three_examples_jsm_loaders_FBXLoader__js.js?v=368c7a2e:2502
[ 1273447ms] [WARNING] THREE.FBXLoader: %s map is not supported in three.js, skipping texture. Maya|baseColor @ http://localhost:3002/node_modules/.vite/deps/three_examples_jsm_loaders_FBXLoader__js.js?v=368c7a2e:2502
[ 1273447ms] [WARNING] THREE.FBXLoader: %s map is not supported in three.js, skipping texture. Maya|specularRoughness @ http://localhost:3002/node_modules/.vite/deps/three_examples_jsm_loaders_FBXLoader__js.js?v=368c7a2e:2502
[ 1273447ms] [WARNING] THREE.FBXLoader: %s map is not supported in three.js, skipping texture. Maya|metalness @ http://localhost:3002/node_modules/.vite/deps/three_examples_jsm_loaders_FBXLoader__js.js?v=368c7a2e:2502
[ 1273447ms] [WARNING] THREE.FBXLoader: unknown material type "%s". Defaulting to MeshPhongMaterial. unknown @ http://localhost:3002/node_modules/.vite/deps/three_examples_jsm_loaders_FBXLoader__js.js?v=368c7a2e:2394
[ 1274321ms] [WARNING] THREE.WebGLShadowMap: PCFSoftShadowMap has been deprecated. Using PCFShadowMap instead. @ http://localhost:3002/node_modules/.vite/deps/chunk-JN4RKZY7.js?v=368c7a2e:745
[ 1304332ms] [WARNING] THREE.WebGLShadowMap: PCFSoftShadowMap has been deprecated. Using PCFShadowMap instead. @ http://localhost:3002/node_modules/.vite/deps/chunk-JN4RKZY7.js?v=368c7a2e:745
[ 1306164ms] ReferenceError: AdvertisingSigns is not defined
    at SceneAssets (http://localhost:3002/src/components/3d/SceneAssets.tsx?t=1772175530690:62:89)
    at Object.react_stack_bottom_frame (http://localhost:3002/node_modules/.vite/deps/chunk-47NAKN4Y.js?v=368c7a2e:7919:20)
    at It (http://localhost:3002/node_modules/.vite/deps/chunk-47NAKN4Y.js?v=368c7a2e:3886:18)
    at ks (http://localhost:3002/node_modules/.vite/deps/chunk-47NAKN4Y.js?v=368c7a2e:4933:376)
    at tt (http://localhost:3002/node_modules/.vite/deps/chunk-47NAKN4Y.js?v=368c7a2e:5260:20)
    at B (http://localhost:3002/node_modules/.vite/deps/chunk-47NAKN4Y.js?v=368c7a2e:2717:63)
    at Ph (http://localhost:3002/node_modules/.vite/deps/chunk-47NAKN4Y.js?v=368c7a2e:7133:44)
    at wh (http://localhost:3002/node_modules/.vite/deps/chunk-47NAKN4Y.js?v=368c7a2e:7049:31)
    at Ff (http://localhost:3002/node_modules/.vite/deps/chunk-47NAKN4Y.js?v=368c7a2e:7040:13)
    at Lf (http://localhost:3002/node_modules/.vite/deps/chunk-47NAKN4Y.js?v=368c7a2e:6822:61)
[ 1306167ms] [ERROR] %o

%s

%s
 ReferenceError: AdvertisingSigns is not defined
    at SceneAssets (http://localhost:3002/src/components/3d/SceneAssets.tsx?t=1772175530690:62:89)
    at Object.react_stack_bottom_frame (http://localhost:3002/node_modules/.vite/deps/chunk-47NAKN4Y.js?v=368c7a2e:7919:20)
    at It (http://localhost:3002/node_modules/.vite/deps/chunk-47NAKN4Y.js?v=368c7a2e:3886:18)
    at ks (http://localhost:3002/node_modules/.vite/deps/chunk-47NAKN4Y.js?v=368c7a2e:4933:376)
    at tt (http://localhost:3002/node_modules/.vite/deps/chunk-47NAKN4Y.js?v=368c7a2e:5260:20)
    at B (http://localhost:3002/node_modules/.vite/deps/chunk-47NAKN4Y.js?v=368c7a2e:2717:63)
    at Ph (http://localhost:3002/node_modules/.vite/deps/chunk-47NAKN4Y.js?v=368c7a2e:7133:44)
    at wh (http://localhost:3002/node_modules/.vite/deps/chunk-47NAKN4Y.js?v=368c7a2e:7049:31)
    at Ff (http://localhost:3002/node_modules/.vite/deps/chunk-47NAKN4Y.js?v=368c7a2e:7040:13)
    at Lf (http://localhost:3002/node_modules/.vite/deps/chunk-47NAKN4Y.js?v=368c7a2e:6822:61) The above error occurred in the <CanvasImpl> component. React will try to recreate this component tree from scratch using the error boundary you provided, ErrorBoundary. @ http://localhost:3002/node_modules/.vite/deps/chunk-RSZBRKH3.js?v=368c7a2e:6732
[ 1306167ms] [ERROR] 3D Scene Error: ReferenceError: AdvertisingSigns is not defined
    at SceneAssets (http://localhost:3002/src/components/3d/SceneAssets.tsx?t=1772175530690:62:89)
    at Object.react_stack_bottom_frame (http://localhost:3002/node_modules/.vite/deps/chunk-47NAKN4Y.js?v=368c7a2e:7919:20)
    at It (http://localhost:3002/node_modules/.vite/deps/chunk-47NAKN4Y.js?v=368c7a2e:3886:18)
    at ks (http://localhost:3002/node_modules/.vite/deps/chunk-47NAKN4Y.js?v=368c7a2e:4933:376)
    at tt (http://localhost:3002/node_modules/.vite/deps/chunk-47NAKN4Y.js?v=368c7a2e:5260:20)
    at B (http://localhost:3002/node_modules/.vite/deps/chunk-47NAKN4Y.js?v=368c7a2e:2717:63)
    at Ph (http://localhost:3002/node_modules/.vite/deps/chunk-47NAKN4Y.js?v=368c7a2e:7133:44)
    at wh (http://localhost:3002/node_modules/.vite/deps/chunk-47NAKN4Y.js?v=368c7a2e:7049:31)
    at Ff (http://localhost:3002/node_modules/.vite/deps/chunk-47NAKN4Y.js?v=368c7a2e:7040:13)
    at Lf (http://localhost:3002/node_modules/.vite/deps/chunk-47NAKN4Y.js?v=368c7a2e:6822:61) @ http://localhost:3002/src/components/ErrorBoundary.tsx:23
[ 1306167ms] [ERROR] Error Info: {componentStack: 
    at CanvasImpl (http://localhost:3002/node_mod…localhost:3002/src/App.tsx?t=1772174213315:29:21)} @ http://localhost:3002/src/components/ErrorBoundary.tsx:24
[ 1319429ms] [WARNING] THREE.THREE.Clock: This module has been deprecated. Please use THREE.Timer instead. @ http://localhost:3002/node_modules/.vite/deps/chunk-JN4RKZY7.js?v=368c7a2e:745
[ 1320388ms] [WARNING] THREE.WebGLShadowMap: PCFSoftShadowMap has been deprecated. Using PCFShadowMap instead. @ http://localhost:3002/node_modules/.vite/deps/chunk-JN4RKZY7.js?v=368c7a2e:745
