[    1012ms] [WARNING] THREE.THREE.Clock: This module has been deprecated. Please use THREE.Timer instead. @ http://localhost:3001/node_modules/.vite/deps/chunk-JN4RKZY7.js?v=e7880d71:745
[    1089ms] [WARNING] using deprecated parameters for the initialization function; pass a single object instead @ http://localhost:3001/node_modules/.vite/deps/chunk-LLEILHP5.js?v=e7880d71:2516
[    1098ms] [WARNING] THREE.FBXLoader: %s map is not supported in three.js, skipping texture. Maya|normalCamera @ http://localhost:3001/node_modules/.vite/deps/three_examples_jsm_loaders_FBXLoader__js.js?v=e7880d71:2502
[    1098ms] [WARNING] THREE.FBXLoader: %s map is not supported in three.js, skipping texture. Maya|baseColor @ http://localhost:3001/node_modules/.vite/deps/three_examples_jsm_loaders_FBXLoader__js.js?v=e7880d71:2502
[    1098ms] [WARNING] THREE.FBXLoader: %s map is not supported in three.js, skipping texture. Maya|specularRoughness @ http://localhost:3001/node_modules/.vite/deps/three_examples_jsm_loaders_FBXLoader__js.js?v=e7880d71:2502
[    1098ms] [WARNING] THREE.FBXLoader: %s map is not supported in three.js, skipping texture. Maya|metalness @ http://localhost:3001/node_modules/.vite/deps/three_examples_jsm_loaders_FBXLoader__js.js?v=e7880d71:2502
[    1098ms] [WARNING] THREE.FBXLoader: unknown material type "%s". Defaulting to MeshPhongMaterial. unknown @ http://localhost:3001/node_modules/.vite/deps/three_examples_jsm_loaders_FBXLoader__js.js?v=e7880d71:2394
[    1245ms] [WARNING] THREE.FBXLoader: %s map is not supported in three.js, skipping texture. Maya|normalCamera @ http://localhost:3001/node_modules/.vite/deps/three_examples_jsm_loaders_FBXLoader__js.js?v=e7880d71:2502
[    1245ms] [WARNING] THREE.FBXLoader: %s map is not supported in three.js, skipping texture. Maya|baseColor @ http://localhost:3001/node_modules/.vite/deps/three_examples_jsm_loaders_FBXLoader__js.js?v=e7880d71:2502
[    1245ms] [WARNING] THREE.FBXLoader: %s map is not supported in three.js, skipping texture. Maya|specularRoughness @ http://localhost:3001/node_modules/.vite/deps/three_examples_jsm_loaders_FBXLoader__js.js?v=e7880d71:2502
[    1245ms] [WARNING] THREE.FBXLoader: %s map is not supported in three.js, skipping texture. Maya|metalness @ http://localhost:3001/node_modules/.vite/deps/three_examples_jsm_loaders_FBXLoader__js.js?v=e7880d71:2502
[    1245ms] [WARNING] THREE.FBXLoader: unknown material type "%s". Defaulting to MeshPhongMaterial. unknown @ http://localhost:3001/node_modules/.vite/deps/three_examples_jsm_loaders_FBXLoader__js.js?v=e7880d71:2394
[    1260ms] [WARNING] THREE.FBXLoader: %s map is not supported in three.js, skipping texture. Maya|normalCamera @ http://localhost:3001/node_modules/.vite/deps/three_examples_jsm_loaders_FBXLoader__js.js?v=e7880d71:2502
[    1261ms] [WARNING] THREE.FBXLoader: %s map is not supported in three.js, skipping texture. Maya|baseColor @ http://localhost:3001/node_modules/.vite/deps/three_examples_jsm_loaders_FBXLoader__js.js?v=e7880d71:2502
[    1261ms] [WARNING] THREE.FBXLoader: %s map is not supported in three.js, skipping texture. Maya|specularRoughness @ http://localhost:3001/node_modules/.vite/deps/three_examples_jsm_loaders_FBXLoader__js.js?v=e7880d71:2502
[    1261ms] [WARNING] THREE.FBXLoader: %s map is not supported in three.js, skipping texture. Maya|metalness @ http://localhost:3001/node_modules/.vite/deps/three_examples_jsm_loaders_FBXLoader__js.js?v=e7880d71:2502
[    1261ms] [WARNING] THREE.FBXLoader: unknown material type "%s". Defaulting to MeshPhongMaterial. unknown @ http://localhost:3001/node_modules/.vite/deps/three_examples_jsm_loaders_FBXLoader__js.js?v=e7880d71:2394
[    1369ms] [WARNING] THREE.WebGLShadowMap: PCFSoftShadowMap has been deprecated. Using PCFShadowMap instead. @ http://localhost:3001/node_modules/.vite/deps/chunk-JN4RKZY7.js?v=e7880d71:745
[   91564ms] [WARNING] THREE.THREE.Clock: This module has been deprecated. Please use THREE.Timer instead. @ http://localhost:3001/node_modules/.vite/deps/chunk-JN4RKZY7.js?v=e7880d71:745
[   91589ms] [WARNING] using deprecated parameters for the initialization function; pass a single object instead @ http://localhost:3001/node_modules/.vite/deps/chunk-LLEILHP5.js?v=e7880d71:2516
[   91595ms] [WARNING] THREE.FBXLoader: %s map is not supported in three.js, skipping texture. Maya|normalCamera @ http://localhost:3001/node_modules/.vite/deps/three_examples_jsm_loaders_FBXLoader__js.js?v=e7880d71:2502
[   91595ms] [WARNING] THREE.FBXLoader: %s map is not supported in three.js, skipping texture. Maya|baseColor @ http://localhost:3001/node_modules/.vite/deps/three_examples_jsm_loaders_FBXLoader__js.js?v=e7880d71:2502
[   91595ms] [WARNING] THREE.FBXLoader: %s map is not supported in three.js, skipping texture. Maya|specularRoughness @ http://localhost:3001/node_modules/.vite/deps/three_examples_jsm_loaders_FBXLoader__js.js?v=e7880d71:2502
[   91595ms] [WARNING] THREE.FBXLoader: %s map is not supported in three.js, skipping texture. Maya|metalness @ http://localhost:3001/node_modules/.vite/deps/three_examples_jsm_loaders_FBXLoader__js.js?v=e7880d71:2502
[   91595ms] [WARNING] THREE.FBXLoader: unknown material type "%s". Defaulting to MeshPhongMaterial. unknown @ http://localhost:3001/node_modules/.vite/deps/three_examples_jsm_loaders_FBXLoader__js.js?v=e7880d71:2394
[   91780ms] [WARNING] THREE.FBXLoader: %s map is not supported in three.js, skipping texture. Maya|normalCamera @ http://localhost:3001/node_modules/.vite/deps/three_examples_jsm_loaders_FBXLoader__js.js?v=e7880d71:2502
[   91780ms] [WARNING] THREE.FBXLoader: %s map is not supported in three.js, skipping texture. Maya|baseColor @ http://localhost:3001/node_modules/.vite/deps/three_examples_jsm_loaders_FBXLoader__js.js?v=e7880d71:2502
[   91780ms] [WARNING] THREE.FBXLoader: %s map is not supported in three.js, skipping texture. Maya|specularRoughness @ http://localhost:3001/node_modules/.vite/deps/three_examples_jsm_loaders_FBXLoader__js.js?v=e7880d71:2502
[   91781ms] [WARNING] THREE.FBXLoader: %s map is not supported in three.js, skipping texture. Maya|metalness @ http://localhost:3001/node_modules/.vite/deps/three_examples_jsm_loaders_FBXLoader__js.js?v=e7880d71:2502
[   91781ms] [WARNING] THREE.FBXLoader: unknown material type "%s". Defaulting to MeshPhongMaterial. unknown @ http://localhost:3001/node_modules/.vite/deps/three_examples_jsm_loaders_FBXLoader__js.js?v=e7880d71:2394
[   91821ms] [WARNING] THREE.FBXLoader: %s map is not supported in three.js, skipping texture. Maya|normalCamera @ http://localhost:3001/node_modules/.vite/deps/three_examples_jsm_loaders_FBXLoader__js.js?v=e7880d71:2502
[   91821ms] [WARNING] THREE.FBXLoader: %s map is not supported in three.js, skipping texture. Maya|baseColor @ http://localhost:3001/node_modules/.vite/deps/three_examples_jsm_loaders_FBXLoader__js.js?v=e7880d71:2502
[   91821ms] [WARNING] THREE.FBXLoader: %s map is not supported in three.js, skipping texture. Maya|specularRoughness @ http://localhost:3001/node_modules/.vite/deps/three_examples_jsm_loaders_FBXLoader__js.js?v=e7880d71:2502
[   91822ms] [WARNING] THREE.FBXLoader: %s map is not supported in three.js, skipping texture. Maya|metalness @ http://localhost:3001/node_modules/.vite/deps/three_examples_jsm_loaders_FBXLoader__js.js?v=e7880d71:2502
[   91822ms] [WARNING] THREE.FBXLoader: unknown material type "%s". Defaulting to MeshPhongMaterial. unknown @ http://localhost:3001/node_modules/.vite/deps/three_examples_jsm_loaders_FBXLoader__js.js?v=e7880d71:2394
[   92605ms] [WARNING] THREE.WebGLShadowMap: PCFSoftShadowMap has been deprecated. Using PCFShadowMap instead. @ http://localhost:3001/node_modules/.vite/deps/chunk-JN4RKZY7.js?v=e7880d71:745
