[     599ms] [WARNING] THREE.THREE.Clock: This module has been deprecated. Please use THREE.Timer instead. @ http://localhost:3002/node_modules/.vite/deps/chunk-JN4RKZY7.js?v=368c7a2e:745
[     629ms] [WARNING] using deprecated parameters for the initialization function; pass a single object instead @ http://localhost:3002/node_modules/.vite/deps/chunk-LLEILHP5.js?v=368c7a2e:2516
[     645ms] [WARNING] THREE.FBXLoader: %s map is not supported in three.js, skipping texture. Maya|normalCamera @ http://localhost:3002/node_modules/.vite/deps/three_examples_jsm_loaders_FBXLoader__js.js?v=368c7a2e:2502
[     645ms] [WARNING] THREE.FBXLoader: %s map is not supported in three.js, skipping texture. Maya|baseColor @ http://localhost:3002/node_modules/.vite/deps/three_examples_jsm_loaders_FBXLoader__js.js?v=368c7a2e:2502
[     645ms] [WARNING] THREE.FBXLoader: %s map is not supported in three.js, skipping texture. Maya|specularRoughness @ http://localhost:3002/node_modules/.vite/deps/three_examples_jsm_loaders_FBXLoader__js.js?v=368c7a2e:2502
[     645ms] [WARNING] THREE.FBXLoader: %s map is not supported in three.js, skipping texture. Maya|metalness @ http://localhost:3002/node_modules/.vite/deps/three_examples_jsm_loaders_FBXLoader__js.js?v=368c7a2e:2502
[     645ms] [WARNING] THREE.FBXLoader: unknown material type "%s". Defaulting to MeshPhongMaterial. unknown @ http://localhost:3002/node_modules/.vite/deps/three_examples_jsm_loaders_FBXLoader__js.js?v=368c7a2e:2394
[     896ms] [WARNING] THREE.FBXLoader: %s map is not supported in three.js, skipping texture. Maya|normalCamera @ http://localhost:3002/node_modules/.vite/deps/three_examples_jsm_loaders_FBXLoader__js.js?v=368c7a2e:2502
[     897ms] [WARNING] THREE.FBXLoader: %s map is not supported in three.js, skipping texture. Maya|baseColor @ http://localhost:3002/node_modules/.vite/deps/three_examples_jsm_loaders_FBXLoader__js.js?v=368c7a2e:2502
[     897ms] [WARNING] THREE.FBXLoader: %s map is not supported in three.js, skipping texture. Maya|specularRoughness @ http://localhost:3002/node_modules/.vite/deps/three_examples_jsm_loaders_FBXLoader__js.js?v=368c7a2e:2502
[     897ms] [WARNING] THREE.FBXLoader: %s map is not supported in three.js, skipping texture. Maya|metalness @ http://localhost:3002/node_modules/.vite/deps/three_examples_jsm_loaders_FBXLoader__js.js?v=368c7a2e:2502
[     897ms] [WARNING] THREE.FBXLoader: unknown material type "%s". Defaulting to MeshPhongMaterial. unknown @ http://localhost:3002/node_modules/.vite/deps/three_examples_jsm_loaders_FBXLoader__js.js?v=368c7a2e:2394
[     956ms] [WARNING] THREE.FBXLoader: %s map is not supported in three.js, skipping texture. Maya|normalCamera @ http://localhost:3002/node_modules/.vite/deps/three_examples_jsm_loaders_FBXLoader__js.js?v=368c7a2e:2502
[     956ms] [WARNING] THREE.FBXLoader: %s map is not supported in three.js, skipping texture. Maya|baseColor @ http://localhost:3002/node_modules/.vite/deps/three_examples_jsm_loaders_FBXLoader__js.js?v=368c7a2e:2502
[     957ms] [WARNING] THREE.FBXLoader: %s map is not supported in three.js, skipping texture. Maya|specularRoughness @ http://localhost:3002/node_modules/.vite/deps/three_examples_jsm_loaders_FBXLoader__js.js?v=368c7a2e:2502
[     957ms] [WARNING] THREE.FBXLoader: %s map is not supported in three.js, skipping texture. Maya|metalness @ http://localhost:3002/node_modules/.vite/deps/three_examples_jsm_loaders_FBXLoader__js.js?v=368c7a2e:2502
[     957ms] [WARNING] THREE.FBXLoader: unknown material type "%s". Defaulting to MeshPhongMaterial. unknown @ http://localhost:3002/node_modules/.vite/deps/three_examples_jsm_loaders_FBXLoader__js.js?v=368c7a2e:2394
[    1598ms] [WARNING] THREE.WebGLShadowMap: PCFSoftShadowMap has been deprecated. Using PCFShadowMap instead. @ http://localhost:3002/node_modules/.vite/deps/chunk-JN4RKZY7.js?v=368c7a2e:745
[   31695ms] [WARNING] THREE.WebGLShadowMap: PCFSoftShadowMap has been deprecated. Using PCFShadowMap instead. @ http://localhost:3002/node_modules/.vite/deps/chunk-JN4RKZY7.js?v=368c7a2e:745
[   61760ms] [WARNING] THREE.WebGLShadowMap: PCFSoftShadowMap has been deprecated. Using PCFShadowMap instead. @ http://localhost:3002/node_modules/.vite/deps/chunk-JN4RKZY7.js?v=368c7a2e:745
[   91860ms] [WARNING] THREE.WebGLShadowMap: PCFSoftShadowMap has been deprecated. Using PCFShadowMap instead. @ http://localhost:3002/node_modules/.vite/deps/chunk-JN4RKZY7.js?v=368c7a2e:745
[  121903ms] [WARNING] THREE.WebGLShadowMap: PCFSoftShadowMap has been deprecated. Using PCFShadowMap instead. @ http://localhost:3002/node_modules/.vite/deps/chunk-JN4RKZY7.js?v=368c7a2e:745
