[    1119ms] [WARNING] THREE.THREE.Clock: This module has been deprecated. Please use THREE.Timer instead. @ http://localhost:3002/node_modules/.vite/deps/chunk-JN4RKZY7.js?v=368c7a2e:745
[    1148ms] [WARNING] using deprecated parameters for the initialization function; pass a single object instead @ http://localhost:3002/node_modules/.vite/deps/chunk-LLEILHP5.js?v=368c7a2e:2516
[    1158ms] [WARNING] THREE.FBXLoader: %s map is not supported in three.js, skipping texture. Maya|normalCamera @ http://localhost:3002/node_modules/.vite/deps/three_examples_jsm_loaders_FBXLoader__js.js?v=368c7a2e:2502
[    1158ms] [WARNING] THREE.FBXLoader: %s map is not supported in three.js, skipping texture. Maya|baseColor @ http://localhost:3002/node_modules/.vite/deps/three_examples_jsm_loaders_FBXLoader__js.js?v=368c7a2e:2502
[    1158ms] [WARNING] THREE.FBXLoader: %s map is not supported in three.js, skipping texture. Maya|specularRoughness @ http://localhost:3002/node_modules/.vite/deps/three_examples_jsm_loaders_FBXLoader__js.js?v=368c7a2e:2502
[    1158ms] [WARNING] THREE.FBXLoader: %s map is not supported in three.js, skipping texture. Maya|metalness @ http://localhost:3002/node_modules/.vite/deps/three_examples_jsm_loaders_FBXLoader__js.js?v=368c7a2e:2502
[    1159ms] [WARNING] THREE.FBXLoader: unknown material type "%s". Defaulting to MeshPhongMaterial. unknown @ http://localhost:3002/node_modules/.vite/deps/three_examples_jsm_loaders_FBXLoader__js.js?v=368c7a2e:2394
[    1182ms] [WARNING] THREE.FBXLoader: %s map is not supported in three.js, skipping texture. Maya|normalCamera @ http://localhost:3002/node_modules/.vite/deps/three_examples_jsm_loaders_FBXLoader__js.js?v=368c7a2e:2502
[    1182ms] [WARNING] THREE.FBXLoader: %s map is not supported in three.js, skipping texture. Maya|baseColor @ http://localhost:3002/node_modules/.vite/deps/three_examples_jsm_loaders_FBXLoader__js.js?v=368c7a2e:2502
[    1182ms] [WARNING] THREE.FBXLoader: %s map is not supported in three.js, skipping texture. Maya|specularRoughness @ http://localhost:3002/node_modules/.vite/deps/three_examples_jsm_loaders_FBXLoader__js.js?v=368c7a2e:2502
[    1182ms] [WARNING] THREE.FBXLoader: %s map is not supported in three.js, skipping texture. Maya|metalness @ http://localhost:3002/node_modules/.vite/deps/three_examples_jsm_loaders_FBXLoader__js.js?v=368c7a2e:2502
[    1182ms] [WARNING] THREE.FBXLoader: unknown material type "%s". Defaulting to MeshPhongMaterial. unknown @ http://localhost:3002/node_modules/.vite/deps/three_examples_jsm_loaders_FBXLoader__js.js?v=368c7a2e:2394
[    1205ms] [WARNING] THREE.FBXLoader: %s map is not supported in three.js, skipping texture. Maya|normalCamera @ http://localhost:3002/node_modules/.vite/deps/three_examples_jsm_loaders_FBXLoader__js.js?v=368c7a2e:2502
[    1205ms] [WARNING] THREE.FBXLoader: %s map is not supported in three.js, skipping texture. Maya|baseColor @ http://localhost:3002/node_modules/.vite/deps/three_examples_jsm_loaders_FBXLoader__js.js?v=368c7a2e:2502
[    1205ms] [WARNING] THREE.FBXLoader: %s map is not supported in three.js, skipping texture. Maya|specularRoughness @ http://localhost:3002/node_modules/.vite/deps/three_examples_jsm_loaders_FBXLoader__js.js?v=368c7a2e:2502
[    1205ms] [WARNING] THREE.FBXLoader: %s map is not supported in three.js, skipping texture. Maya|metalness @ http://localhost:3002/node_modules/.vite/deps/three_examples_jsm_loaders_FBXLoader__js.js?v=368c7a2e:2502
[    1205ms] [WARNING] THREE.FBXLoader: unknown material type "%s". Defaulting to MeshPhongMaterial. unknown @ http://localhost:3002/node_modules/.vite/deps/three_examples_jsm_loaders_FBXLoader__js.js?v=368c7a2e:2394
[    2096ms] [WARNING] THREE.WebGLShadowMap: PCFSoftShadowMap has been deprecated. Using PCFShadowMap instead. @ http://localhost:3002/node_modules/.vite/deps/chunk-JN4RKZY7.js?v=368c7a2e:745
[   32133ms] [WARNING] THREE.WebGLShadowMap: PCFSoftShadowMap has been deprecated. Using PCFShadowMap instead. @ http://localhost:3002/node_modules/.vite/deps/chunk-JN4RKZY7.js?v=368c7a2e:745
[   62198ms] [WARNING] THREE.WebGLShadowMap: PCFSoftShadowMap has been deprecated. Using PCFShadowMap instead. @ http://localhost:3002/node_modules/.vite/deps/chunk-JN4RKZY7.js?v=368c7a2e:745
[   92275ms] [WARNING] THREE.WebGLShadowMap: PCFSoftShadowMap has been deprecated. Using PCFShadowMap instead. @ http://localhost:3002/node_modules/.vite/deps/chunk-JN4RKZY7.js?v=368c7a2e:745
[  122337ms] [WARNING] THREE.WebGLShadowMap: PCFSoftShadowMap has been deprecated. Using PCFShadowMap instead. @ http://localhost:3002/node_modules/.vite/deps/chunk-JN4RKZY7.js?v=368c7a2e:745
[  152415ms] [WARNING] THREE.WebGLShadowMap: PCFSoftShadowMap has been deprecated. Using PCFShadowMap instead. @ http://localhost:3002/node_modules/.vite/deps/chunk-JN4RKZY7.js?v=368c7a2e:745
[  166798ms] ReferenceError: HouseModels is not defined
    at SceneAssets (http://localhost:3002/src/components/3d/SceneAssets.tsx?t=1772175721651:79:89)
    at Object.react_stack_bottom_frame (http://localhost:3002/node_modules/.vite/deps/chunk-47NAKN4Y.js?v=368c7a2e:7919:20)
    at It (http://localhost:3002/node_modules/.vite/deps/chunk-47NAKN4Y.js?v=368c7a2e:3886:18)
    at ks (http://localhost:3002/node_modules/.vite/deps/chunk-47NAKN4Y.js?v=368c7a2e:4933:376)
    at tt (http://localhost:3002/node_modules/.vite/deps/chunk-47NAKN4Y.js?v=368c7a2e:5260:20)
    at B (http://localhost:3002/node_modules/.vite/deps/chunk-47NAKN4Y.js?v=368c7a2e:2717:63)
    at Ph (http://localhost:3002/node_modules/.vite/deps/chunk-47NAKN4Y.js?v=368c7a2e:7133:44)
    at wh (http://localhost:3002/node_modules/.vite/deps/chunk-47NAKN4Y.js?v=368c7a2e:7049:31)
    at Ff (http://localhost:3002/node_modules/.vite/deps/chunk-47NAKN4Y.js?v=368c7a2e:7040:13)
    at Lf (http://localhost:3002/node_modules/.vite/deps/chunk-47NAKN4Y.js?v=368c7a2e:6822:61)
[  166800ms] [ERROR] %o

%s

%s
 ReferenceError: HouseModels is not defined
    at SceneAssets (http://localhost:3002/src/components/3d/SceneAssets.tsx?t=1772175721651:79:89)
    at Object.react_stack_bottom_frame (http://localhost:3002/node_modules/.vite/deps/chunk-47NAKN4Y.js?v=368c7a2e:7919:20)
    at It (http://localhost:3002/node_modules/.vite/deps/chunk-47NAKN4Y.js?v=368c7a2e:3886:18)
    at ks (http://localhost:3002/node_modules/.vite/deps/chunk-47NAKN4Y.js?v=368c7a2e:4933:376)
    at tt (http://localhost:3002/node_modules/.vite/deps/chunk-47NAKN4Y.js?v=368c7a2e:5260:20)
    at B (http://localhost:3002/node_modules/.vite/deps/chunk-47NAKN4Y.js?v=368c7a2e:2717:63)
    at Ph (http://localhost:3002/node_modules/.vite/deps/chunk-47NAKN4Y.js?v=368c7a2e:7133:44)
    at wh (http://localhost:3002/node_modules/.vite/deps/chunk-47NAKN4Y.js?v=368c7a2e:7049:31)
    at Ff (http://localhost:3002/node_modules/.vite/deps/chunk-47NAKN4Y.js?v=368c7a2e:7040:13)
    at Lf (http://localhost:3002/node_modules/.vite/deps/chunk-47NAKN4Y.js?v=368c7a2e:6822:61) The above error occurred in the <CanvasImpl> component. React will try to recreate this component tree from scratch using the error boundary you provided, ErrorBoundary. @ http://localhost:3002/node_modules/.vite/deps/chunk-RSZBRKH3.js?v=368c7a2e:6732
[  166801ms] [ERROR] 3D Scene Error: ReferenceError: HouseModels is not defined
    at SceneAssets (http://localhost:3002/src/components/3d/SceneAssets.tsx?t=1772175721651:79:89)
    at Object.react_stack_bottom_frame (http://localhost:3002/node_modules/.vite/deps/chunk-47NAKN4Y.js?v=368c7a2e:7919:20)
    at It (http://localhost:3002/node_modules/.vite/deps/chunk-47NAKN4Y.js?v=368c7a2e:3886:18)
    at ks (http://localhost:3002/node_modules/.vite/deps/chunk-47NAKN4Y.js?v=368c7a2e:4933:376)
    at tt (http://localhost:3002/node_modules/.vite/deps/chunk-47NAKN4Y.js?v=368c7a2e:5260:20)
    at B (http://localhost:3002/node_modules/.vite/deps/chunk-47NAKN4Y.js?v=368c7a2e:2717:63)
    at Ph (http://localhost:3002/node_modules/.vite/deps/chunk-47NAKN4Y.js?v=368c7a2e:7133:44)
    at wh (http://localhost:3002/node_modules/.vite/deps/chunk-47NAKN4Y.js?v=368c7a2e:7049:31)
    at Ff (http://localhost:3002/node_modules/.vite/deps/chunk-47NAKN4Y.js?v=368c7a2e:7040:13)
    at Lf (http://localhost:3002/node_modules/.vite/deps/chunk-47NAKN4Y.js?v=368c7a2e:6822:61) @ http://localhost:3002/src/components/ErrorBoundary.tsx:23
[  166801ms] [ERROR] Error Info: {componentStack: 
    at CanvasImpl (http://localhost:3002/node_mod…localhost:3002/src/App.tsx?t=1772175543809:29:21)} @ http://localhost:3002/src/components/ErrorBoundary.tsx:24
[  177488ms] [WARNING] THREE.THREE.Clock: This module has been deprecated. Please use THREE.Timer instead. @ http://localhost:3002/node_modules/.vite/deps/chunk-JN4RKZY7.js?v=368c7a2e:745
[  177527ms] [WARNING] THREE.FBXLoader: %s map is not supported in three.js, skipping texture. Maya|normalCamera @ http://localhost:3002/node_modules/.vite/deps/three_examples_jsm_loaders_FBXLoader__js.js?v=368c7a2e:2502
[  177527ms] [WARNING] THREE.FBXLoader: %s map is not supported in three.js, skipping texture. Maya|baseColor @ http://localhost:3002/node_modules/.vite/deps/three_examples_jsm_loaders_FBXLoader__js.js?v=368c7a2e:2502
[  177527ms] [WARNING] THREE.FBXLoader: %s map is not supported in three.js, skipping texture. Maya|specularRoughness @ http://localhost:3002/node_modules/.vite/deps/three_examples_jsm_loaders_FBXLoader__js.js?v=368c7a2e:2502
[  177527ms] [WARNING] THREE.FBXLoader: %s map is not supported in three.js, skipping texture. Maya|metalness @ http://localhost:3002/node_modules/.vite/deps/three_examples_jsm_loaders_FBXLoader__js.js?v=368c7a2e:2502
[  177527ms] [WARNING] THREE.FBXLoader: unknown material type "%s". Defaulting to MeshPhongMaterial. unknown @ http://localhost:3002/node_modules/.vite/deps/three_examples_jsm_loaders_FBXLoader__js.js?v=368c7a2e:2394
[  177537ms] [WARNING] THREE.FBXLoader: %s map is not supported in three.js, skipping texture. Maya|normalCamera @ http://localhost:3002/node_modules/.vite/deps/three_examples_jsm_loaders_FBXLoader__js.js?v=368c7a2e:2502
[  177537ms] [WARNING] THREE.FBXLoader: %s map is not supported in three.js, skipping texture. Maya|baseColor @ http://localhost:3002/node_modules/.vite/deps/three_examples_jsm_loaders_FBXLoader__js.js?v=368c7a2e:2502
[  177537ms] [WARNING] THREE.FBXLoader: %s map is not supported in three.js, skipping texture. Maya|specularRoughness @ http://localhost:3002/node_modules/.vite/deps/three_examples_jsm_loaders_FBXLoader__js.js?v=368c7a2e:2502
[  177537ms] [WARNING] THREE.FBXLoader: %s map is not supported in three.js, skipping texture. Maya|metalness @ http://localhost:3002/node_modules/.vite/deps/three_examples_jsm_loaders_FBXLoader__js.js?v=368c7a2e:2502
[  177537ms] [WARNING] THREE.FBXLoader: unknown material type "%s". Defaulting to MeshPhongMaterial. unknown @ http://localhost:3002/node_modules/.vite/deps/three_examples_jsm_loaders_FBXLoader__js.js?v=368c7a2e:2394
[  177544ms] [WARNING] THREE.FBXLoader: %s map is not supported in three.js, skipping texture. Maya|normalCamera @ http://localhost:3002/node_modules/.vite/deps/three_examples_jsm_loaders_FBXLoader__js.js?v=368c7a2e:2502
[  177544ms] [WARNING] THREE.FBXLoader: %s map is not supported in three.js, skipping texture. Maya|baseColor @ http://localhost:3002/node_modules/.vite/deps/three_examples_jsm_loaders_FBXLoader__js.js?v=368c7a2e:2502
[  177544ms] [WARNING] THREE.FBXLoader: %s map is not supported in three.js, skipping texture. Maya|specularRoughness @ http://localhost:3002/node_modules/.vite/deps/three_examples_jsm_loaders_FBXLoader__js.js?v=368c7a2e:2502
[  177544ms] [WARNING] THREE.FBXLoader: %s map is not supported in three.js, skipping texture. Maya|metalness @ http://localhost:3002/node_modules/.vite/deps/three_examples_jsm_loaders_FBXLoader__js.js?v=368c7a2e:2502
[  177544ms] [WARNING] THREE.FBXLoader: unknown material type "%s". Defaulting to MeshPhongMaterial. unknown @ http://localhost:3002/node_modules/.vite/deps/three_examples_jsm_loaders_FBXLoader__js.js?v=368c7a2e:2394
[  177551ms] [WARNING] THREE.FBXLoader: %s map is not supported in three.js, skipping texture. Maya|normalCamera @ http://localhost:3002/node_modules/.vite/deps/three_examples_jsm_loaders_FBXLoader__js.js?v=368c7a2e:2502
[  177551ms] [WARNING] THREE.FBXLoader: %s map is not supported in three.js, skipping texture. Maya|baseColor @ http://localhost:3002/node_modules/.vite/deps/three_examples_jsm_loaders_FBXLoader__js.js?v=368c7a2e:2502
[  177552ms] [WARNING] THREE.FBXLoader: %s map is not supported in three.js, skipping texture. Maya|specularRoughness @ http://localhost:3002/node_modules/.vite/deps/three_examples_jsm_loaders_FBXLoader__js.js?v=368c7a2e:2502
[  177552ms] [WARNING] THREE.FBXLoader: %s map is not supported in three.js, skipping texture. Maya|metalness @ http://localhost:3002/node_modules/.vite/deps/three_examples_jsm_loaders_FBXLoader__js.js?v=368c7a2e:2502
[  177552ms] [WARNING] THREE.FBXLoader: unknown material type "%s". Defaulting to MeshPhongMaterial. unknown @ http://localhost:3002/node_modules/.vite/deps/three_examples_jsm_loaders_FBXLoader__js.js?v=368c7a2e:2394
[  177559ms] [WARNING] THREE.FBXLoader: %s map is not supported in three.js, skipping texture. Maya|normalCamera @ http://localhost:3002/node_modules/.vite/deps/three_examples_jsm_loaders_FBXLoader__js.js?v=368c7a2e:2502
[  177559ms] [WARNING] THREE.FBXLoader: %s map is not supported in three.js, skipping texture. Maya|baseColor @ http://localhost:3002/node_modules/.vite/deps/three_examples_jsm_loaders_FBXLoader__js.js?v=368c7a2e:2502
[  177559ms] [WARNING] THREE.FBXLoader: %s map is not supported in three.js, skipping texture. Maya|specularRoughness @ http://localhost:3002/node_modules/.vite/deps/three_examples_jsm_loaders_FBXLoader__js.js?v=368c7a2e:2502
[  177559ms] [WARNING] THREE.FBXLoader: %s map is not supported in three.js, skipping texture. Maya|metalness @ http://localhost:3002/node_modules/.vite/deps/three_examples_jsm_loaders_FBXLoader__js.js?v=368c7a2e:2502
[  177559ms] [WARNING] THREE.FBXLoader: unknown material type "%s". Defaulting to MeshPhongMaterial. unknown @ http://localhost:3002/node_modules/.vite/deps/three_examples_jsm_loaders_FBXLoader__js.js?v=368c7a2e:2394
[  178440ms] [WARNING] THREE.WebGLShadowMap: PCFSoftShadowMap has been deprecated. Using PCFShadowMap instead. @ http://localhost:3002/node_modules/.vite/deps/chunk-JN4RKZY7.js?v=368c7a2e:745
