[     647ms] [WARNING] THREE.THREE.Clock: This module has been deprecated. Please use THREE.Timer instead. @ http://localhost:3001/node_modules/.vite/deps/chunk-JN4RKZY7.js?v=e7880d71:745
[     775ms] [WARNING] using deprecated parameters for the initialization function; pass a single object instead @ http://localhost:3001/node_modules/.vite/deps/chunk-LLEILHP5.js?v=e7880d71:2516
[     816ms] [WARNING] THREE.FBXLoader: %s map is not supported in three.js, skipping texture. Maya|normalCamera @ http://localhost:3001/node_modules/.vite/deps/three_examples_jsm_loaders_FBXLoader__js.js?v=e7880d71:2502
[     816ms] [WARNING] THREE.FBXLoader: %s map is not supported in three.js, skipping texture. Maya|baseColor @ http://localhost:3001/node_modules/.vite/deps/three_examples_jsm_loaders_FBXLoader__js.js?v=e7880d71:2502
[     816ms] [WARNING] THREE.FBXLoader: %s map is not supported in three.js, skipping texture. Maya|specularRoughness @ http://localhost:3001/node_modules/.vite/deps/three_examples_jsm_loaders_FBXLoader__js.js?v=e7880d71:2502
[     816ms] [WARNING] THREE.FBXLoader: %s map is not supported in three.js, skipping texture. Maya|metalness @ http://localhost:3001/node_modules/.vite/deps/three_examples_jsm_loaders_FBXLoader__js.js?v=e7880d71:2502
[     816ms] [WARNING] THREE.FBXLoader: unknown material type "%s". Defaulting to MeshPhongMaterial. unknown @ http://localhost:3001/node_modules/.vite/deps/three_examples_jsm_loaders_FBXLoader__js.js?v=e7880d71:2394
[     865ms] [WARNING] THREE.FBXLoader: %s map is not supported in three.js, skipping texture. Maya|normalCamera @ http://localhost:3001/node_modules/.vite/deps/three_examples_jsm_loaders_FBXLoader__js.js?v=e7880d71:2502
[     866ms] [WARNING] THREE.FBXLoader: %s map is not supported in three.js, skipping texture. Maya|baseColor @ http://localhost:3001/node_modules/.vite/deps/three_examples_jsm_loaders_FBXLoader__js.js?v=e7880d71:2502
[     866ms] [WARNING] THREE.FBXLoader: %s map is not supported in three.js, skipping texture. Maya|specularRoughness @ http://localhost:3001/node_modules/.vite/deps/three_examples_jsm_loaders_FBXLoader__js.js?v=e7880d71:2502
[     866ms] [WARNING] THREE.FBXLoader: %s map is not supported in three.js, skipping texture. Maya|metalness @ http://localhost:3001/node_modules/.vite/deps/three_examples_jsm_loaders_FBXLoader__js.js?v=e7880d71:2502
[     866ms] [WARNING] THREE.FBXLoader: unknown material type "%s". Defaulting to MeshPhongMaterial. unknown @ http://localhost:3001/node_modules/.vite/deps/three_examples_jsm_loaders_FBXLoader__js.js?v=e7880d71:2394
[    1557ms] [WARNING] THREE.FBXLoader: %s map is not supported in three.js, skipping texture. Maya|normalCamera @ http://localhost:3001/node_modules/.vite/deps/three_examples_jsm_loaders_FBXLoader__js.js?v=e7880d71:2502
[    1557ms] [WARNING] THREE.FBXLoader: %s map is not supported in three.js, skipping texture. Maya|baseColor @ http://localhost:3001/node_modules/.vite/deps/three_examples_jsm_loaders_FBXLoader__js.js?v=e7880d71:2502
[    1557ms] [WARNING] THREE.FBXLoader: %s map is not supported in three.js, skipping texture. Maya|specularRoughness @ http://localhost:3001/node_modules/.vite/deps/three_examples_jsm_loaders_FBXLoader__js.js?v=e7880d71:2502
[    1557ms] [WARNING] THREE.FBXLoader: %s map is not supported in three.js, skipping texture. Maya|metalness @ http://localhost:3001/node_modules/.vite/deps/three_examples_jsm_loaders_FBXLoader__js.js?v=e7880d71:2502
[    1557ms] [WARNING] THREE.FBXLoader: unknown material type "%s". Defaulting to MeshPhongMaterial. unknown @ http://localhost:3001/node_modules/.vite/deps/three_examples_jsm_loaders_FBXLoader__js.js?v=e7880d71:2394
[    1655ms] [WARNING] THREE.WebGLShadowMap: PCFSoftShadowMap has been deprecated. Using PCFShadowMap instead. @ http://localhost:3001/node_modules/.vite/deps/chunk-JN4RKZY7.js?v=e7880d71:745
[   28737ms] [WARNING] THREE.THREE.Clock: This module has been deprecated. Please use THREE.Timer instead. @ http://localhost:3001/node_modules/.vite/deps/chunk-JN4RKZY7.js?v=e7880d71:745
[   28773ms] [WARNING] using deprecated parameters for the initialization function; pass a single object instead @ http://localhost:3001/node_modules/.vite/deps/chunk-LLEILHP5.js?v=e7880d71:2516
[   28816ms] [WARNING] THREE.FBXLoader: %s map is not supported in three.js, skipping texture. Maya|normalCamera @ http://localhost:3001/node_modules/.vite/deps/three_examples_jsm_loaders_FBXLoader__js.js?v=e7880d71:2502
[   28816ms] [WARNING] THREE.FBXLoader: %s map is not supported in three.js, skipping texture. Maya|baseColor @ http://localhost:3001/node_modules/.vite/deps/three_examples_jsm_loaders_FBXLoader__js.js?v=e7880d71:2502
[   28816ms] [WARNING] THREE.FBXLoader: %s map is not supported in three.js, skipping texture. Maya|specularRoughness @ http://localhost:3001/node_modules/.vite/deps/three_examples_jsm_loaders_FBXLoader__js.js?v=e7880d71:2502
[   28816ms] [WARNING] THREE.FBXLoader: %s map is not supported in three.js, skipping texture. Maya|metalness @ http://localhost:3001/node_modules/.vite/deps/three_examples_jsm_loaders_FBXLoader__js.js?v=e7880d71:2502
[   28816ms] [WARNING] THREE.FBXLoader: unknown material type "%s". Defaulting to MeshPhongMaterial. unknown @ http://localhost:3001/node_modules/.vite/deps/three_examples_jsm_loaders_FBXLoader__js.js?v=e7880d71:2394
[   28993ms] [WARNING] THREE.FBXLoader: %s map is not supported in three.js, skipping texture. Maya|normalCamera @ http://localhost:3001/node_modules/.vite/deps/three_examples_jsm_loaders_FBXLoader__js.js?v=e7880d71:2502
[   28993ms] [WARNING] THREE.FBXLoader: %s map is not supported in three.js, skipping texture. Maya|baseColor @ http://localhost:3001/node_modules/.vite/deps/three_examples_jsm_loaders_FBXLoader__js.js?v=e7880d71:2502
[   28993ms] [WARNING] THREE.FBXLoader: %s map is not supported in three.js, skipping texture. Maya|specularRoughness @ http://localhost:3001/node_modules/.vite/deps/three_examples_jsm_loaders_FBXLoader__js.js?v=e7880d71:2502
[   28993ms] [WARNING] THREE.FBXLoader: %s map is not supported in three.js, skipping texture. Maya|metalness @ http://localhost:3001/node_modules/.vite/deps/three_examples_jsm_loaders_FBXLoader__js.js?v=e7880d71:2502
[   28993ms] [WARNING] THREE.FBXLoader: unknown material type "%s". Defaulting to MeshPhongMaterial. unknown @ http://localhost:3001/node_modules/.vite/deps/three_examples_jsm_loaders_FBXLoader__js.js?v=e7880d71:2394
[   29035ms] [WARNING] THREE.FBXLoader: %s map is not supported in three.js, skipping texture. Maya|normalCamera @ http://localhost:3001/node_modules/.vite/deps/three_examples_jsm_loaders_FBXLoader__js.js?v=e7880d71:2502
[   29035ms] [WARNING] THREE.FBXLoader: %s map is not supported in three.js, skipping texture. Maya|baseColor @ http://localhost:3001/node_modules/.vite/deps/three_examples_jsm_loaders_FBXLoader__js.js?v=e7880d71:2502
[   29035ms] [WARNING] THREE.FBXLoader: %s map is not supported in three.js, skipping texture. Maya|specularRoughness @ http://localhost:3001/node_modules/.vite/deps/three_examples_jsm_loaders_FBXLoader__js.js?v=e7880d71:2502
[   29036ms] [WARNING] THREE.FBXLoader: %s map is not supported in three.js, skipping texture. Maya|metalness @ http://localhost:3001/node_modules/.vite/deps/three_examples_jsm_loaders_FBXLoader__js.js?v=e7880d71:2502
[   29036ms] [WARNING] THREE.FBXLoader: unknown material type "%s". Defaulting to MeshPhongMaterial. unknown @ http://localhost:3001/node_modules/.vite/deps/three_examples_jsm_loaders_FBXLoader__js.js?v=e7880d71:2394
[   29750ms] [WARNING] THREE.WebGLShadowMap: PCFSoftShadowMap has been deprecated. Using PCFShadowMap instead. @ http://localhost:3001/node_modules/.vite/deps/chunk-JN4RKZY7.js?v=e7880d71:745
