[    1130ms] [WARNING] THREE.THREE.Clock: This module has been deprecated. Please use THREE.Timer instead. @ http://localhost:3002/node_modules/.vite/deps/chunk-JN4RKZY7.js?v=368c7a2e:745
[    1156ms] [WARNING] using deprecated parameters for the initialization function; pass a single object instead @ http://localhost:3002/node_modules/.vite/deps/chunk-LLEILHP5.js?v=368c7a2e:2516
[    1160ms] [WARNING] THREE.FBXLoader: %s map is not supported in three.js, skipping texture. Maya|normalCamera @ http://localhost:3002/node_modules/.vite/deps/three_examples_jsm_loaders_FBXLoader__js.js?v=368c7a2e:2502
[    1160ms] [WARNING] THREE.FBXLoader: %s map is not supported in three.js, skipping texture. Maya|baseColor @ http://localhost:3002/node_modules/.vite/deps/three_examples_jsm_loaders_FBXLoader__js.js?v=368c7a2e:2502
[    1160ms] [WARNING] THREE.FBXLoader: %s map is not supported in three.js, skipping texture. Maya|specularRoughness @ http://localhost:3002/node_modules/.vite/deps/three_examples_jsm_loaders_FBXLoader__js.js?v=368c7a2e:2502
[    1160ms] [WARNING] THREE.FBXLoader: %s map is not supported in three.js, skipping texture. Maya|metalness @ http://localhost:3002/node_modules/.vite/deps/three_examples_jsm_loaders_FBXLoader__js.js?v=368c7a2e:2502
[    1160ms] [WARNING] THREE.FBXLoader: unknown material type "%s". Defaulting to MeshPhongMaterial. unknown @ http://localhost:3002/node_modules/.vite/deps/three_examples_jsm_loaders_FBXLoader__js.js?v=368c7a2e:2394
[    1219ms] [WARNING] THREE.FBXLoader: %s map is not supported in three.js, skipping texture. Maya|normalCamera @ http://localhost:3002/node_modules/.vite/deps/three_examples_jsm_loaders_FBXLoader__js.js?v=368c7a2e:2502
[    1219ms] [WARNING] THREE.FBXLoader: %s map is not supported in three.js, skipping texture. Maya|baseColor @ http://localhost:3002/node_modules/.vite/deps/three_examples_jsm_loaders_FBXLoader__js.js?v=368c7a2e:2502
[    1219ms] [WARNING] THREE.FBXLoader: %s map is not supported in three.js, skipping texture. Maya|specularRoughness @ http://localhost:3002/node_modules/.vite/deps/three_examples_jsm_loaders_FBXLoader__js.js?v=368c7a2e:2502
[    1219ms] [WARNING] THREE.FBXLoader: %s map is not supported in three.js, skipping texture. Maya|metalness @ http://localhost:3002/node_modules/.vite/deps/three_examples_jsm_loaders_FBXLoader__js.js?v=368c7a2e:2502
[    1219ms] [WARNING] THREE.FBXLoader: unknown material type "%s". Defaulting to MeshPhongMaterial. unknown @ http://localhost:3002/node_modules/.vite/deps/three_examples_jsm_loaders_FBXLoader__js.js?v=368c7a2e:2394
[    1236ms] [WARNING] THREE.FBXLoader: %s map is not supported in three.js, skipping texture. Maya|normalCamera @ http://localhost:3002/node_modules/.vite/deps/three_examples_jsm_loaders_FBXLoader__js.js?v=368c7a2e:2502
[    1236ms] [WARNING] THREE.FBXLoader: %s map is not supported in three.js, skipping texture. Maya|baseColor @ http://localhost:3002/node_modules/.vite/deps/three_examples_jsm_loaders_FBXLoader__js.js?v=368c7a2e:2502
[    1236ms] [WARNING] THREE.FBXLoader: %s map is not supported in three.js, skipping texture. Maya|specularRoughness @ http://localhost:3002/node_modules/.vite/deps/three_examples_jsm_loaders_FBXLoader__js.js?v=368c7a2e:2502
[    1236ms] [WARNING] THREE.FBXLoader: %s map is not supported in three.js, skipping texture. Maya|metalness @ http://localhost:3002/node_modules/.vite/deps/three_examples_jsm_loaders_FBXLoader__js.js?v=368c7a2e:2502
[    1236ms] [WARNING] THREE.FBXLoader: unknown material type "%s". Defaulting to MeshPhongMaterial. unknown @ http://localhost:3002/node_modules/.vite/deps/three_examples_jsm_loaders_FBXLoader__js.js?v=368c7a2e:2394
[    2092ms] [WARNING] THREE.WebGLShadowMap: PCFSoftShadowMap has been deprecated. Using PCFShadowMap instead. @ http://localhost:3002/node_modules/.vite/deps/chunk-JN4RKZY7.js?v=368c7a2e:745
[   32237ms] [WARNING] THREE.WebGLShadowMap: PCFSoftShadowMap has been deprecated. Using PCFShadowMap instead. @ http://localhost:3002/node_modules/.vite/deps/chunk-JN4RKZY7.js?v=368c7a2e:745
[   62264ms] [WARNING] THREE.WebGLShadowMap: PCFSoftShadowMap has been deprecated. Using PCFShadowMap instead. @ http://localhost:3002/node_modules/.vite/deps/chunk-JN4RKZY7.js?v=368c7a2e:745
[   92313ms] [WARNING] THREE.WebGLShadowMap: PCFSoftShadowMap has been deprecated. Using PCFShadowMap instead. @ http://localhost:3002/node_modules/.vite/deps/chunk-JN4RKZY7.js?v=368c7a2e:745
[  122392ms] [WARNING] THREE.WebGLShadowMap: PCFSoftShadowMap has been deprecated. Using PCFShadowMap instead. @ http://localhost:3002/node_modules/.vite/deps/chunk-JN4RKZY7.js?v=368c7a2e:745
[  152444ms] [WARNING] THREE.WebGLShadowMap: PCFSoftShadowMap has been deprecated. Using PCFShadowMap instead. @ http://localhost:3002/node_modules/.vite/deps/chunk-JN4RKZY7.js?v=368c7a2e:745
[  182521ms] [WARNING] THREE.WebGLShadowMap: PCFSoftShadowMap has been deprecated. Using PCFShadowMap instead. @ http://localhost:3002/node_modules/.vite/deps/chunk-JN4RKZY7.js?v=368c7a2e:745
[  212611ms] [WARNING] THREE.WebGLShadowMap: PCFSoftShadowMap has been deprecated. Using PCFShadowMap instead. @ http://localhost:3002/node_modules/.vite/deps/chunk-JN4RKZY7.js?v=368c7a2e:745
[  242649ms] [WARNING] THREE.WebGLShadowMap: PCFSoftShadowMap has been deprecated. Using PCFShadowMap instead. @ http://localhost:3002/node_modules/.vite/deps/chunk-JN4RKZY7.js?v=368c7a2e:745
[  249715ms] [WARNING] THREE.THREE.Clock: This module has been deprecated. Please use THREE.Timer instead. @ http://localhost:3002/node_modules/.vite/deps/chunk-JN4RKZY7.js?v=368c7a2e:745
[  249757ms] [WARNING] using deprecated parameters for the initialization function; pass a single object instead @ http://localhost:3002/node_modules/.vite/deps/chunk-LLEILHP5.js?v=368c7a2e:2516
[  249765ms] [WARNING] THREE.FBXLoader: %s map is not supported in three.js, skipping texture. Maya|normalCamera @ http://localhost:3002/node_modules/.vite/deps/three_examples_jsm_loaders_FBXLoader__js.js?v=368c7a2e:2502
[  249765ms] [WARNING] THREE.FBXLoader: %s map is not supported in three.js, skipping texture. Maya|baseColor @ http://localhost:3002/node_modules/.vite/deps/three_examples_jsm_loaders_FBXLoader__js.js?v=368c7a2e:2502
[  249765ms] [WARNING] THREE.FBXLoader: %s map is not supported in three.js, skipping texture. Maya|specularRoughness @ http://localhost:3002/node_modules/.vite/deps/three_examples_jsm_loaders_FBXLoader__js.js?v=368c7a2e:2502
[  249765ms] [WARNING] THREE.FBXLoader: %s map is not supported in three.js, skipping texture. Maya|metalness @ http://localhost:3002/node_modules/.vite/deps/three_examples_jsm_loaders_FBXLoader__js.js?v=368c7a2e:2502
[  249765ms] [WARNING] THREE.FBXLoader: unknown material type "%s". Defaulting to MeshPhongMaterial. unknown @ http://localhost:3002/node_modules/.vite/deps/three_examples_jsm_loaders_FBXLoader__js.js?v=368c7a2e:2394
[  249836ms] [WARNING] THREE.FBXLoader: %s map is not supported in three.js, skipping texture. Maya|normalCamera @ http://localhost:3002/node_modules/.vite/deps/three_examples_jsm_loaders_FBXLoader__js.js?v=368c7a2e:2502
[  249836ms] [WARNING] THREE.FBXLoader: %s map is not supported in three.js, skipping texture. Maya|baseColor @ http://localhost:3002/node_modules/.vite/deps/three_examples_jsm_loaders_FBXLoader__js.js?v=368c7a2e:2502
[  249836ms] [WARNING] THREE.FBXLoader: %s map is not supported in three.js, skipping texture. Maya|specularRoughness @ http://localhost:3002/node_modules/.vite/deps/three_examples_jsm_loaders_FBXLoader__js.js?v=368c7a2e:2502
[  249836ms] [WARNING] THREE.FBXLoader: %s map is not supported in three.js, skipping texture. Maya|metalness @ http://localhost:3002/node_modules/.vite/deps/three_examples_jsm_loaders_FBXLoader__js.js?v=368c7a2e:2502
[  249836ms] [WARNING] THREE.FBXLoader: unknown material type "%s". Defaulting to MeshPhongMaterial. unknown @ http://localhost:3002/node_modules/.vite/deps/three_examples_jsm_loaders_FBXLoader__js.js?v=368c7a2e:2394
[  249857ms] [WARNING] THREE.FBXLoader: %s map is not supported in three.js, skipping texture. Maya|normalCamera @ http://localhost:3002/node_modules/.vite/deps/three_examples_jsm_loaders_FBXLoader__js.js?v=368c7a2e:2502
[  249857ms] [WARNING] THREE.FBXLoader: %s map is not supported in three.js, skipping texture. Maya|baseColor @ http://localhost:3002/node_modules/.vite/deps/three_examples_jsm_loaders_FBXLoader__js.js?v=368c7a2e:2502
[  249857ms] [WARNING] THREE.FBXLoader: %s map is not supported in three.js, skipping texture. Maya|specularRoughness @ http://localhost:3002/node_modules/.vite/deps/three_examples_jsm_loaders_FBXLoader__js.js?v=368c7a2e:2502
[  249857ms] [WARNING] THREE.FBXLoader: %s map is not supported in three.js, skipping texture. Maya|metalness @ http://localhost:3002/node_modules/.vite/deps/three_examples_jsm_loaders_FBXLoader__js.js?v=368c7a2e:2502
[  249857ms] [WARNING] THREE.FBXLoader: unknown material type "%s". Defaulting to MeshPhongMaterial. unknown @ http://localhost:3002/node_modules/.vite/deps/three_examples_jsm_loaders_FBXLoader__js.js?v=368c7a2e:2394
[  250693ms] [WARNING] THREE.WebGLShadowMap: PCFSoftShadowMap has been deprecated. Using PCFShadowMap instead. @ http://localhost:3002/node_modules/.vite/deps/chunk-JN4RKZY7.js?v=368c7a2e:745
