[     637ms] [WARNING] THREE.THREE.Clock: This module has been deprecated. Please use THREE.Timer instead. @ http://localhost:3002/node_modules/.vite/deps/chunk-JN4RKZY7.js?v=368c7a2e:745
[     680ms] [WARNING] using deprecated parameters for the initialization function; pass a single object instead @ http://localhost:3002/node_modules/.vite/deps/chunk-LLEILHP5.js?v=368c7a2e:2516
[     686ms] [WARNING] THREE.FBXLoader: %s map is not supported in three.js, skipping texture. Maya|normalCamera @ http://localhost:3002/node_modules/.vite/deps/three_examples_jsm_loaders_FBXLoader__js.js?v=368c7a2e:2502
[     686ms] [WARNING] THREE.FBXLoader: %s map is not supported in three.js, skipping texture. Maya|baseColor @ http://localhost:3002/node_modules/.vite/deps/three_examples_jsm_loaders_FBXLoader__js.js?v=368c7a2e:2502
[     686ms] [WARNING] THREE.FBXLoader: %s map is not supported in three.js, skipping texture. Maya|specularRoughness @ http://localhost:3002/node_modules/.vite/deps/three_examples_jsm_loaders_FBXLoader__js.js?v=368c7a2e:2502
[     686ms] [WARNING] THREE.FBXLoader: %s map is not supported in three.js, skipping texture. Maya|metalness @ http://localhost:3002/node_modules/.vite/deps/three_examples_jsm_loaders_FBXLoader__js.js?v=368c7a2e:2502
[     686ms] [WARNING] THREE.FBXLoader: unknown material type "%s". Defaulting to MeshPhongMaterial. unknown @ http://localhost:3002/node_modules/.vite/deps/three_examples_jsm_loaders_FBXLoader__js.js?v=368c7a2e:2394
[     700ms] [WARNING] THREE.FBXLoader: %s map is not supported in three.js, skipping texture. Maya|normalCamera @ http://localhost:3002/node_modules/.vite/deps/three_examples_jsm_loaders_FBXLoader__js.js?v=368c7a2e:2502
[     701ms] [WARNING] THREE.FBXLoader: %s map is not supported in three.js, skipping texture. Maya|baseColor @ http://localhost:3002/node_modules/.vite/deps/three_examples_jsm_loaders_FBXLoader__js.js?v=368c7a2e:2502
[     701ms] [WARNING] THREE.FBXLoader: %s map is not supported in three.js, skipping texture. Maya|specularRoughness @ http://localhost:3002/node_modules/.vite/deps/three_examples_jsm_loaders_FBXLoader__js.js?v=368c7a2e:2502
[     701ms] [WARNING] THREE.FBXLoader: %s map is not supported in three.js, skipping texture. Maya|metalness @ http://localhost:3002/node_modules/.vite/deps/three_examples_jsm_loaders_FBXLoader__js.js?v=368c7a2e:2502
[     701ms] [WARNING] THREE.FBXLoader: unknown material type "%s". Defaulting to MeshPhongMaterial. unknown @ http://localhost:3002/node_modules/.vite/deps/three_examples_jsm_loaders_FBXLoader__js.js?v=368c7a2e:2394
[     730ms] [WARNING] THREE.FBXLoader: %s map is not supported in three.js, skipping texture. Maya|normalCamera @ http://localhost:3002/node_modules/.vite/deps/three_examples_jsm_loaders_FBXLoader__js.js?v=368c7a2e:2502
[     730ms] [WARNING] THREE.FBXLoader: %s map is not supported in three.js, skipping texture. Maya|baseColor @ http://localhost:3002/node_modules/.vite/deps/three_examples_jsm_loaders_FBXLoader__js.js?v=368c7a2e:2502
[     730ms] [WARNING] THREE.FBXLoader: %s map is not supported in three.js, skipping texture. Maya|specularRoughness @ http://localhost:3002/node_modules/.vite/deps/three_examples_jsm_loaders_FBXLoader__js.js?v=368c7a2e:2502
[     730ms] [WARNING] THREE.FBXLoader: %s map is not supported in three.js, skipping texture. Maya|metalness @ http://localhost:3002/node_modules/.vite/deps/three_examples_jsm_loaders_FBXLoader__js.js?v=368c7a2e:2502
[     730ms] [WARNING] THREE.FBXLoader: unknown material type "%s". Defaulting to MeshPhongMaterial. unknown @ http://localhost:3002/node_modules/.vite/deps/three_examples_jsm_loaders_FBXLoader__js.js?v=368c7a2e:2394
[     745ms] [WARNING] THREE.FBXLoader: %s map is not supported in three.js, skipping texture. Maya|normalCamera @ http://localhost:3002/node_modules/.vite/deps/three_examples_jsm_loaders_FBXLoader__js.js?v=368c7a2e:2502
[     745ms] [WARNING] THREE.FBXLoader: %s map is not supported in three.js, skipping texture. Maya|baseColor @ http://localhost:3002/node_modules/.vite/deps/three_examples_jsm_loaders_FBXLoader__js.js?v=368c7a2e:2502
[     745ms] [WARNING] THREE.FBXLoader: %s map is not supported in three.js, skipping texture. Maya|specularRoughness @ http://localhost:3002/node_modules/.vite/deps/three_examples_jsm_loaders_FBXLoader__js.js?v=368c7a2e:2502
[     745ms] [WARNING] THREE.FBXLoader: %s map is not supported in three.js, skipping texture. Maya|metalness @ http://localhost:3002/node_modules/.vite/deps/three_examples_jsm_loaders_FBXLoader__js.js?v=368c7a2e:2502
[     745ms] [WARNING] THREE.FBXLoader: unknown material type "%s". Defaulting to MeshPhongMaterial. unknown @ http://localhost:3002/node_modules/.vite/deps/three_examples_jsm_loaders_FBXLoader__js.js?v=368c7a2e:2394
[     756ms] [WARNING] THREE.FBXLoader: %s map is not supported in three.js, skipping texture. Maya|normalCamera @ http://localhost:3002/node_modules/.vite/deps/three_examples_jsm_loaders_FBXLoader__js.js?v=368c7a2e:2502
[     756ms] [WARNING] THREE.FBXLoader: %s map is not supported in three.js, skipping texture. Maya|baseColor @ http://localhost:3002/node_modules/.vite/deps/three_examples_jsm_loaders_FBXLoader__js.js?v=368c7a2e:2502
[     756ms] [WARNING] THREE.FBXLoader: %s map is not supported in three.js, skipping texture. Maya|specularRoughness @ http://localhost:3002/node_modules/.vite/deps/three_examples_jsm_loaders_FBXLoader__js.js?v=368c7a2e:2502
[     756ms] [WARNING] THREE.FBXLoader: %s map is not supported in three.js, skipping texture. Maya|metalness @ http://localhost:3002/node_modules/.vite/deps/three_examples_jsm_loaders_FBXLoader__js.js?v=368c7a2e:2502
[     756ms] [WARNING] THREE.FBXLoader: unknown material type "%s". Defaulting to MeshPhongMaterial. unknown @ http://localhost:3002/node_modules/.vite/deps/three_examples_jsm_loaders_FBXLoader__js.js?v=368c7a2e:2394
[     781ms] [WARNING] THREE.FBXLoader: %s map is not supported in three.js, skipping texture. Maya|normalCamera @ http://localhost:3002/node_modules/.vite/deps/three_examples_jsm_loaders_FBXLoader__js.js?v=368c7a2e:2502
[     781ms] [WARNING] THREE.FBXLoader: %s map is not supported in three.js, skipping texture. Maya|baseColor @ http://localhost:3002/node_modules/.vite/deps/three_examples_jsm_loaders_FBXLoader__js.js?v=368c7a2e:2502
[     781ms] [WARNING] THREE.FBXLoader: %s map is not supported in three.js, skipping texture. Maya|specularRoughness @ http://localhost:3002/node_modules/.vite/deps/three_examples_jsm_loaders_FBXLoader__js.js?v=368c7a2e:2502
[     781ms] [WARNING] THREE.FBXLoader: %s map is not supported in three.js, skipping texture. Maya|metalness @ http://localhost:3002/node_modules/.vite/deps/three_examples_jsm_loaders_FBXLoader__js.js?v=368c7a2e:2502
[     781ms] [WARNING] THREE.FBXLoader: unknown material type "%s". Defaulting to MeshPhongMaterial. unknown @ http://localhost:3002/node_modules/.vite/deps/three_examples_jsm_loaders_FBXLoader__js.js?v=368c7a2e:2394
[     804ms] [WARNING] THREE.FBXLoader: %s map is not supported in three.js, skipping texture. Maya|normalCamera @ http://localhost:3002/node_modules/.vite/deps/three_examples_jsm_loaders_FBXLoader__js.js?v=368c7a2e:2502
[     804ms] [WARNING] THREE.FBXLoader: %s map is not supported in three.js, skipping texture. Maya|baseColor @ http://localhost:3002/node_modules/.vite/deps/three_examples_jsm_loaders_FBXLoader__js.js?v=368c7a2e:2502
[     804ms] [WARNING] THREE.FBXLoader: %s map is not supported in three.js, skipping texture. Maya|specularRoughness @ http://localhost:3002/node_modules/.vite/deps/three_examples_jsm_loaders_FBXLoader__js.js?v=368c7a2e:2502
[     804ms] [WARNING] THREE.FBXLoader: %s map is not supported in three.js, skipping texture. Maya|metalness @ http://localhost:3002/node_modules/.vite/deps/three_examples_jsm_loaders_FBXLoader__js.js?v=368c7a2e:2502
[     804ms] [WARNING] THREE.FBXLoader: unknown material type "%s". Defaulting to MeshPhongMaterial. unknown @ http://localhost:3002/node_modules/.vite/deps/three_examples_jsm_loaders_FBXLoader__js.js?v=368c7a2e:2394
[     847ms] [WARNING] THREE.FBXLoader: %s map is not supported in three.js, skipping texture. Maya|normalCamera @ http://localhost:3002/node_modules/.vite/deps/three_examples_jsm_loaders_FBXLoader__js.js?v=368c7a2e:2502
[     847ms] [WARNING] THREE.FBXLoader: %s map is not supported in three.js, skipping texture. Maya|baseColor @ http://localhost:3002/node_modules/.vite/deps/three_examples_jsm_loaders_FBXLoader__js.js?v=368c7a2e:2502
[     847ms] [WARNING] THREE.FBXLoader: %s map is not supported in three.js, skipping texture. Maya|specularRoughness @ http://localhost:3002/node_modules/.vite/deps/three_examples_jsm_loaders_FBXLoader__js.js?v=368c7a2e:2502
[     848ms] [WARNING] THREE.FBXLoader: %s map is not supported in three.js, skipping texture. Maya|metalness @ http://localhost:3002/node_modules/.vite/deps/three_examples_jsm_loaders_FBXLoader__js.js?v=368c7a2e:2502
[     848ms] [WARNING] THREE.FBXLoader: unknown material type "%s". Defaulting to MeshPhongMaterial. unknown @ http://localhost:3002/node_modules/.vite/deps/three_examples_jsm_loaders_FBXLoader__js.js?v=368c7a2e:2394
[    1646ms] [WARNING] THREE.WebGLShadowMap: PCFSoftShadowMap has been deprecated. Using PCFShadowMap instead. @ http://localhost:3002/node_modules/.vite/deps/chunk-JN4RKZY7.js?v=368c7a2e:745
[   31666ms] [WARNING] THREE.WebGLShadowMap: PCFSoftShadowMap has been deprecated. Using PCFShadowMap instead. @ http://localhost:3002/node_modules/.vite/deps/chunk-JN4RKZY7.js?v=368c7a2e:745
[   61742ms] [WARNING] THREE.WebGLShadowMap: PCFSoftShadowMap has been deprecated. Using PCFShadowMap instead. @ http://localhost:3002/node_modules/.vite/deps/chunk-JN4RKZY7.js?v=368c7a2e:745
[   91768ms] [WARNING] THREE.WebGLShadowMap: PCFSoftShadowMap has been deprecated. Using PCFShadowMap instead. @ http://localhost:3002/node_modules/.vite/deps/chunk-JN4RKZY7.js?v=368c7a2e:745
[  121860ms] [WARNING] THREE.WebGLShadowMap: PCFSoftShadowMap has been deprecated. Using PCFShadowMap instead. @ http://localhost:3002/node_modules/.vite/deps/chunk-JN4RKZY7.js?v=368c7a2e:745
[  151964ms] [WARNING] THREE.WebGLShadowMap: PCFSoftShadowMap has been deprecated. Using PCFShadowMap instead. @ http://localhost:3002/node_modules/.vite/deps/chunk-JN4RKZY7.js?v=368c7a2e:745
[  182042ms] [WARNING] THREE.WebGLShadowMap: PCFSoftShadowMap has been deprecated. Using PCFShadowMap instead. @ http://localhost:3002/node_modules/.vite/deps/chunk-JN4RKZY7.js?v=368c7a2e:745
[  212147ms] [WARNING] THREE.WebGLShadowMap: PCFSoftShadowMap has been deprecated. Using PCFShadowMap instead. @ http://localhost:3002/node_modules/.vite/deps/chunk-JN4RKZY7.js?v=368c7a2e:745
[  242209ms] [WARNING] THREE.WebGLShadowMap: PCFSoftShadowMap has been deprecated. Using PCFShadowMap instead. @ http://localhost:3002/node_modules/.vite/deps/chunk-JN4RKZY7.js?v=368c7a2e:745
[  272272ms] [WARNING] THREE.WebGLShadowMap: PCFSoftShadowMap has been deprecated. Using PCFShadowMap instead. @ http://localhost:3002/node_modules/.vite/deps/chunk-JN4RKZY7.js?v=368c7a2e:745
[  302379ms] [WARNING] THREE.WebGLShadowMap: PCFSoftShadowMap has been deprecated. Using PCFShadowMap instead. @ http://localhost:3002/node_modules/.vite/deps/chunk-JN4RKZY7.js?v=368c7a2e:745
[  332509ms] [WARNING] THREE.WebGLShadowMap: PCFSoftShadowMap has been deprecated. Using PCFShadowMap instead. @ http://localhost:3002/node_modules/.vite/deps/chunk-JN4RKZY7.js?v=368c7a2e:745
[  362520ms] [WARNING] THREE.WebGLShadowMap: PCFSoftShadowMap has been deprecated. Using PCFShadowMap instead. @ http://localhost:3002/node_modules/.vite/deps/chunk-JN4RKZY7.js?v=368c7a2e:745
[  392665ms] [WARNING] THREE.WebGLShadowMap: PCFSoftShadowMap has been deprecated. Using PCFShadowMap instead. @ http://localhost:3002/node_modules/.vite/deps/chunk-JN4RKZY7.js?v=368c7a2e:745
[  422716ms] [WARNING] THREE.WebGLShadowMap: PCFSoftShadowMap has been deprecated. Using PCFShadowMap instead. @ http://localhost:3002/node_modules/.vite/deps/chunk-JN4RKZY7.js?v=368c7a2e:745
[  452780ms] [WARNING] THREE.WebGLShadowMap: PCFSoftShadowMap has been deprecated. Using PCFShadowMap instead. @ http://localhost:3002/node_modules/.vite/deps/chunk-JN4RKZY7.js?v=368c7a2e:745
[  482885ms] [WARNING] THREE.WebGLShadowMap: PCFSoftShadowMap has been deprecated. Using PCFShadowMap instead. @ http://localhost:3002/node_modules/.vite/deps/chunk-JN4RKZY7.js?v=368c7a2e:745
[  513001ms] [WARNING] THREE.WebGLShadowMap: PCFSoftShadowMap has been deprecated. Using PCFShadowMap instead. @ http://localhost:3002/node_modules/.vite/deps/chunk-JN4RKZY7.js?v=368c7a2e:745
[  543119ms] [WARNING] THREE.WebGLShadowMap: PCFSoftShadowMap has been deprecated. Using PCFShadowMap instead. @ http://localhost:3002/node_modules/.vite/deps/chunk-JN4RKZY7.js?v=368c7a2e:745
[  573213ms] [WARNING] THREE.WebGLShadowMap: PCFSoftShadowMap has been deprecated. Using PCFShadowMap instead. @ http://localhost:3002/node_modules/.vite/deps/chunk-JN4RKZY7.js?v=368c7a2e:745
[  603343ms] [WARNING] THREE.WebGLShadowMap: PCFSoftShadowMap has been deprecated. Using PCFShadowMap instead. @ http://localhost:3002/node_modules/.vite/deps/chunk-JN4RKZY7.js?v=368c7a2e:745
[  604341ms] [WARNING] THREE.WebGLShadowMap: PCFSoftShadowMap has been deprecated. Using PCFShadowMap instead. @ http://localhost:3002/node_modules/.vite/deps/chunk-JN4RKZY7.js?v=368c7a2e:745
[  626415ms] [WARNING] THREE.THREE.Clock: This module has been deprecated. Please use THREE.Timer instead. @ http://localhost:3002/node_modules/.vite/deps/chunk-JN4RKZY7.js?v=368c7a2e:745
[  626469ms] [WARNING] using deprecated parameters for the initialization function; pass a single object instead @ http://localhost:3002/node_modules/.vite/deps/chunk-LLEILHP5.js?v=368c7a2e:2516
[  626478ms] [WARNING] THREE.FBXLoader: %s map is not supported in three.js, skipping texture. Maya|normalCamera @ http://localhost:3002/node_modules/.vite/deps/three_examples_jsm_loaders_FBXLoader__js.js?v=368c7a2e:2502
[  626478ms] [WARNING] THREE.FBXLoader: %s map is not supported in three.js, skipping texture. Maya|baseColor @ http://localhost:3002/node_modules/.vite/deps/three_examples_jsm_loaders_FBXLoader__js.js?v=368c7a2e:2502
[  626478ms] [WARNING] THREE.FBXLoader: %s map is not supported in three.js, skipping texture. Maya|specularRoughness @ http://localhost:3002/node_modules/.vite/deps/three_examples_jsm_loaders_FBXLoader__js.js?v=368c7a2e:2502
[  626478ms] [WARNING] THREE.FBXLoader: %s map is not supported in three.js, skipping texture. Maya|metalness @ http://localhost:3002/node_modules/.vite/deps/three_examples_jsm_loaders_FBXLoader__js.js?v=368c7a2e:2502
[  626478ms] [WARNING] THREE.FBXLoader: unknown material type "%s". Defaulting to MeshPhongMaterial. unknown @ http://localhost:3002/node_modules/.vite/deps/three_examples_jsm_loaders_FBXLoader__js.js?v=368c7a2e:2394
[  626492ms] [WARNING] THREE.FBXLoader: %s map is not supported in three.js, skipping texture. Maya|normalCamera @ http://localhost:3002/node_modules/.vite/deps/three_examples_jsm_loaders_FBXLoader__js.js?v=368c7a2e:2502
[  626492ms] [WARNING] THREE.FBXLoader: %s map is not supported in three.js, skipping texture. Maya|baseColor @ http://localhost:3002/node_modules/.vite/deps/three_examples_jsm_loaders_FBXLoader__js.js?v=368c7a2e:2502
[  626492ms] [WARNING] THREE.FBXLoader: %s map is not supported in three.js, skipping texture. Maya|specularRoughness @ http://localhost:3002/node_modules/.vite/deps/three_examples_jsm_loaders_FBXLoader__js.js?v=368c7a2e:2502
[  626492ms] [WARNING] THREE.FBXLoader: %s map is not supported in three.js, skipping texture. Maya|metalness @ http://localhost:3002/node_modules/.vite/deps/three_examples_jsm_loaders_FBXLoader__js.js?v=368c7a2e:2502
[  626492ms] [WARNING] THREE.FBXLoader: unknown material type "%s". Defaulting to MeshPhongMaterial. unknown @ http://localhost:3002/node_modules/.vite/deps/three_examples_jsm_loaders_FBXLoader__js.js?v=368c7a2e:2394
[  626516ms] [WARNING] THREE.FBXLoader: %s map is not supported in three.js, skipping texture. Maya|normalCamera @ http://localhost:3002/node_modules/.vite/deps/three_examples_jsm_loaders_FBXLoader__js.js?v=368c7a2e:2502
[  626516ms] [WARNING] THREE.FBXLoader: %s map is not supported in three.js, skipping texture. Maya|baseColor @ http://localhost:3002/node_modules/.vite/deps/three_examples_jsm_loaders_FBXLoader__js.js?v=368c7a2e:2502
[  626516ms] [WARNING] THREE.FBXLoader: %s map is not supported in three.js, skipping texture. Maya|specularRoughness @ http://localhost:3002/node_modules/.vite/deps/three_examples_jsm_loaders_FBXLoader__js.js?v=368c7a2e:2502
[  626516ms] [WARNING] THREE.FBXLoader: %s map is not supported in three.js, skipping texture. Maya|metalness @ http://localhost:3002/node_modules/.vite/deps/three_examples_jsm_loaders_FBXLoader__js.js?v=368c7a2e:2502
[  626516ms] [WARNING] THREE.FBXLoader: unknown material type "%s". Defaulting to MeshPhongMaterial. unknown @ http://localhost:3002/node_modules/.vite/deps/three_examples_jsm_loaders_FBXLoader__js.js?v=368c7a2e:2394
[  626534ms] [WARNING] THREE.FBXLoader: %s map is not supported in three.js, skipping texture. Maya|normalCamera @ http://localhost:3002/node_modules/.vite/deps/three_examples_jsm_loaders_FBXLoader__js.js?v=368c7a2e:2502
[  626534ms] [WARNING] THREE.FBXLoader: %s map is not supported in three.js, skipping texture. Maya|baseColor @ http://localhost:3002/node_modules/.vite/deps/three_examples_jsm_loaders_FBXLoader__js.js?v=368c7a2e:2502
[  626534ms] [WARNING] THREE.FBXLoader: %s map is not supported in three.js, skipping texture. Maya|specularRoughness @ http://localhost:3002/node_modules/.vite/deps/three_examples_jsm_loaders_FBXLoader__js.js?v=368c7a2e:2502
[  626534ms] [WARNING] THREE.FBXLoader: %s map is not supported in three.js, skipping texture. Maya|metalness @ http://localhost:3002/node_modules/.vite/deps/three_examples_jsm_loaders_FBXLoader__js.js?v=368c7a2e:2502
[  626534ms] [WARNING] THREE.FBXLoader: unknown material type "%s". Defaulting to MeshPhongMaterial. unknown @ http://localhost:3002/node_modules/.vite/deps/three_examples_jsm_loaders_FBXLoader__js.js?v=368c7a2e:2394
[  626544ms] [WARNING] THREE.FBXLoader: %s map is not supported in three.js, skipping texture. Maya|normalCamera @ http://localhost:3002/node_modules/.vite/deps/three_examples_jsm_loaders_FBXLoader__js.js?v=368c7a2e:2502
[  626544ms] [WARNING] THREE.FBXLoader: %s map is not supported in three.js, skipping texture. Maya|baseColor @ http://localhost:3002/node_modules/.vite/deps/three_examples_jsm_loaders_FBXLoader__js.js?v=368c7a2e:2502
[  626544ms] [WARNING] THREE.FBXLoader: %s map is not supported in three.js, skipping texture. Maya|specularRoughness @ http://localhost:3002/node_modules/.vite/deps/three_examples_jsm_loaders_FBXLoader__js.js?v=368c7a2e:2502
[  626544ms] [WARNING] THREE.FBXLoader: %s map is not supported in three.js, skipping texture. Maya|metalness @ http://localhost:3002/node_modules/.vite/deps/three_examples_jsm_loaders_FBXLoader__js.js?v=368c7a2e:2502
[  626544ms] [WARNING] THREE.FBXLoader: unknown material type "%s". Defaulting to MeshPhongMaterial. unknown @ http://localhost:3002/node_modules/.vite/deps/three_examples_jsm_loaders_FBXLoader__js.js?v=368c7a2e:2394
[  626568ms] [WARNING] THREE.FBXLoader: %s map is not supported in three.js, skipping texture. Maya|normalCamera @ http://localhost:3002/node_modules/.vite/deps/three_examples_jsm_loaders_FBXLoader__js.js?v=368c7a2e:2502
[  626568ms] [WARNING] THREE.FBXLoader: %s map is not supported in three.js, skipping texture. Maya|baseColor @ http://localhost:3002/node_modules/.vite/deps/three_examples_jsm_loaders_FBXLoader__js.js?v=368c7a2e:2502
[  626568ms] [WARNING] THREE.FBXLoader: %s map is not supported in three.js, skipping texture. Maya|specularRoughness @ http://localhost:3002/node_modules/.vite/deps/three_examples_jsm_loaders_FBXLoader__js.js?v=368c7a2e:2502
[  626568ms] [WARNING] THREE.FBXLoader: %s map is not supported in three.js, skipping texture. Maya|metalness @ http://localhost:3002/node_modules/.vite/deps/three_examples_jsm_loaders_FBXLoader__js.js?v=368c7a2e:2502
[  626568ms] [WARNING] THREE.FBXLoader: unknown material type "%s". Defaulting to MeshPhongMaterial. unknown @ http://localhost:3002/node_modules/.vite/deps/three_examples_jsm_loaders_FBXLoader__js.js?v=368c7a2e:2394
[  626586ms] [WARNING] THREE.FBXLoader: %s map is not supported in three.js, skipping texture. Maya|normalCamera @ http://localhost:3002/node_modules/.vite/deps/three_examples_jsm_loaders_FBXLoader__js.js?v=368c7a2e:2502
[  626586ms] [WARNING] THREE.FBXLoader: %s map is not supported in three.js, skipping texture. Maya|baseColor @ http://localhost:3002/node_modules/.vite/deps/three_examples_jsm_loaders_FBXLoader__js.js?v=368c7a2e:2502
[  626586ms] [WARNING] THREE.FBXLoader: %s map is not supported in three.js, skipping texture. Maya|specularRoughness @ http://localhost:3002/node_modules/.vite/deps/three_examples_jsm_loaders_FBXLoader__js.js?v=368c7a2e:2502
[  626586ms] [WARNING] THREE.FBXLoader: %s map is not supported in three.js, skipping texture. Maya|metalness @ http://localhost:3002/node_modules/.vite/deps/three_examples_jsm_loaders_FBXLoader__js.js?v=368c7a2e:2502
[  626586ms] [WARNING] THREE.FBXLoader: unknown material type "%s". Defaulting to MeshPhongMaterial. unknown @ http://localhost:3002/node_modules/.vite/deps/three_examples_jsm_loaders_FBXLoader__js.js?v=368c7a2e:2394
[  626603ms] [WARNING] THREE.FBXLoader: %s map is not supported in three.js, skipping texture. Maya|normalCamera @ http://localhost:3002/node_modules/.vite/deps/three_examples_jsm_loaders_FBXLoader__js.js?v=368c7a2e:2502
[  626603ms] [WARNING] THREE.FBXLoader: %s map is not supported in three.js, skipping texture. Maya|baseColor @ http://localhost:3002/node_modules/.vite/deps/three_examples_jsm_loaders_FBXLoader__js.js?v=368c7a2e:2502
[  626603ms] [WARNING] THREE.FBXLoader: %s map is not supported in three.js, skipping texture. Maya|specularRoughness @ http://localhost:3002/node_modules/.vite/deps/three_examples_jsm_loaders_FBXLoader__js.js?v=368c7a2e:2502
[  626603ms] [WARNING] THREE.FBXLoader: %s map is not supported in three.js, skipping texture. Maya|metalness @ http://localhost:3002/node_modules/.vite/deps/three_examples_jsm_loaders_FBXLoader__js.js?v=368c7a2e:2502
[  626603ms] [WARNING] THREE.FBXLoader: unknown material type "%s". Defaulting to MeshPhongMaterial. unknown @ http://localhost:3002/node_modules/.vite/deps/three_examples_jsm_loaders_FBXLoader__js.js?v=368c7a2e:2394
[  627374ms] [WARNING] THREE.WebGLShadowMap: PCFSoftShadowMap has been deprecated. Using PCFShadowMap instead. @ http://localhost:3002/node_modules/.vite/deps/chunk-JN4RKZY7.js?v=368c7a2e:745
[  657496ms] [WARNING] THREE.WebGLShadowMap: PCFSoftShadowMap has been deprecated. Using PCFShadowMap instead. @ http://localhost:3002/node_modules/.vite/deps/chunk-JN4RKZY7.js?v=368c7a2e:745
