[    1018ms] [WARNING] THREE.THREE.Clock: This module has been deprecated. Please use THREE.Timer instead. @ http://localhost:3000/node_modules/.vite/deps/chunk-JN4RKZY7.js?v=e7880d71:745
[    1086ms] [WARNING] using deprecated parameters for the initialization function; pass a single object instead @ http://localhost:3000/node_modules/.vite/deps/chunk-LLEILHP5.js?v=e7880d71:2516
[    1099ms] [WARNING] THREE.FBXLoader: %s map is not supported in three.js, skipping texture. Maya|normalCamera @ http://localhost:3000/node_modules/.vite/deps/three_examples_jsm_loaders_FBXLoader__js.js?v=e7880d71:2502
[    1099ms] [WARNING] THREE.FBXLoader: %s map is not supported in three.js, skipping texture. Maya|baseColor @ http://localhost:3000/node_modules/.vite/deps/three_examples_jsm_loaders_FBXLoader__js.js?v=e7880d71:2502
[    1099ms] [WARNING] THREE.FBXLoader: %s map is not supported in three.js, skipping texture. Maya|specularRoughness @ http://localhost:3000/node_modules/.vite/deps/three_examples_jsm_loaders_FBXLoader__js.js?v=e7880d71:2502
[    1100ms] [WARNING] THREE.FBXLoader: %s map is not supported in three.js, skipping texture. Maya|metalness @ http://localhost:3000/node_modules/.vite/deps/three_examples_jsm_loaders_FBXLoader__js.js?v=e7880d71:2502
[    1100ms] [WARNING] THREE.FBXLoader: unknown material type "%s". Defaulting to MeshPhongMaterial. unknown @ http://localhost:3000/node_modules/.vite/deps/three_examples_jsm_loaders_FBXLoader__js.js?v=e7880d71:2394
[    1253ms] [WARNING] THREE.FBXLoader: %s map is not supported in three.js, skipping texture. Maya|normalCamera @ http://localhost:3000/node_modules/.vite/deps/three_examples_jsm_loaders_FBXLoader__js.js?v=e7880d71:2502
[    1253ms] [WARNING] THREE.FBXLoader: %s map is not supported in three.js, skipping texture. Maya|baseColor @ http://localhost:3000/node_modules/.vite/deps/three_examples_jsm_loaders_FBXLoader__js.js?v=e7880d71:2502
[    1253ms] [WARNING] THREE.FBXLoader: %s map is not supported in three.js, skipping texture. Maya|specularRoughness @ http://localhost:3000/node_modules/.vite/deps/three_examples_jsm_loaders_FBXLoader__js.js?v=e7880d71:2502
[    1253ms] [WARNING] THREE.FBXLoader: %s map is not supported in three.js, skipping texture. Maya|metalness @ http://localhost:3000/node_modules/.vite/deps/three_examples_jsm_loaders_FBXLoader__js.js?v=e7880d71:2502
[    1253ms] [WARNING] THREE.FBXLoader: unknown material type "%s". Defaulting to MeshPhongMaterial. unknown @ http://localhost:3000/node_modules/.vite/deps/three_examples_jsm_loaders_FBXLoader__js.js?v=e7880d71:2394
[    1268ms] [WARNING] THREE.FBXLoader: %s map is not supported in three.js, skipping texture. Maya|normalCamera @ http://localhost:3000/node_modules/.vite/deps/three_examples_jsm_loaders_FBXLoader__js.js?v=e7880d71:2502
[    1268ms] [WARNING] THREE.FBXLoader: %s map is not supported in three.js, skipping texture. Maya|baseColor @ http://localhost:3000/node_modules/.vite/deps/three_examples_jsm_loaders_FBXLoader__js.js?v=e7880d71:2502
[    1268ms] [WARNING] THREE.FBXLoader: %s map is not supported in three.js, skipping texture. Maya|specularRoughness @ http://localhost:3000/node_modules/.vite/deps/three_examples_jsm_loaders_FBXLoader__js.js?v=e7880d71:2502
[    1268ms] [WARNING] THREE.FBXLoader: %s map is not supported in three.js, skipping texture. Maya|metalness @ http://localhost:3000/node_modules/.vite/deps/three_examples_jsm_loaders_FBXLoader__js.js?v=e7880d71:2502
[    1268ms] [WARNING] THREE.FBXLoader: unknown material type "%s". Defaulting to MeshPhongMaterial. unknown @ http://localhost:3000/node_modules/.vite/deps/three_examples_jsm_loaders_FBXLoader__js.js?v=e7880d71:2394
[    1342ms] Error: Could not load /models/props/basic_lamp/fbxLamp.fbx: THREE.FBXLoader: Cannot find the version number for the file given.
    at http://localhost:3000/node_modules/.vite/deps/chunk-47NAKN4Y.js?v=e7880d71:1297:38
    at Object.onLoad (http://localhost:3000/node_modules/.vite/deps/three_examples_jsm_loaders_FBXLoader__js.js?v=e7880d71:2154:11)
    at http://localhost:3000/node_modules/.vite/deps/chunk-JN4RKZY7.js?v=e7880d71:23740:39
[    1345ms] [ERROR] %o

%s

%s
 Error: Could not load /models/props/basic_lamp/fbxLamp.fbx: THREE.FBXLoader: Cannot find the version number for the file given.
    at http://localhost:3000/node_modules/.vite/deps/chunk-47NAKN4Y.js?v=e7880d71:1297:38
    at Object.onLoad (http://localhost:3000/node_modules/.vite/deps/three_examples_jsm_loaders_FBXLoader__js.js?v=e7880d71:2154:11)
    at http://localhost:3000/node_modules/.vite/deps/chunk-JN4RKZY7.js?v=e7880d71:23740:39 The above error occurred in the <CanvasImpl> component. React will try to recreate this component tree from scratch using the error boundary you provided, ErrorBoundary. @ http://localhost:3000/node_modules/.vite/deps/chunk-RSZBRKH3.js?v=e7880d71:6732
[    1345ms] [ERROR] 3D Scene Error: Error: Could not load /models/props/basic_lamp/fbxLamp.fbx: THREE.FBXLoader: Cannot find the version number for the file given.
    at http://localhost:3000/node_modules/.vite/deps/chunk-47NAKN4Y.js?v=e7880d71:1297:38
    at Object.onLoad (http://localhost:3000/node_modules/.vite/deps/three_examples_jsm_loaders_FBXLoader__js.js?v=e7880d71:2154:11)
    at http://localhost:3000/node_modules/.vite/deps/chunk-JN4RKZY7.js?v=e7880d71:23740:39 @ http://localhost:3000/src/components/ErrorBoundary.tsx:23
[    1345ms] [ERROR] Error Info: {componentStack: 
    at CanvasImpl (http://localhost:3000/node_mod… at App (http://localhost:3000/src/App.tsx:29:21)} @ http://localhost:3000/src/components/ErrorBoundary.tsx:24
[   23848ms] [WARNING] THREE.THREE.Clock: This module has been deprecated. Please use THREE.Timer instead. @ http://localhost:3000/node_modules/.vite/deps/chunk-JN4RKZY7.js?v=e7880d71:745
[   23893ms] [WARNING] using deprecated parameters for the initialization function; pass a single object instead @ http://localhost:3000/node_modules/.vite/deps/chunk-LLEILHP5.js?v=e7880d71:2516
[   24168ms] ReferenceError: ProceduralStreetLamps is not defined
    at SceneAssets (http://localhost:3000/src/components/3d/SceneAssets.tsx?t=1772170479350:52:28)
    at Object.react_stack_bottom_frame (http://localhost:3000/node_modules/.vite/deps/chunk-47NAKN4Y.js?v=e7880d71:7919:20)
    at It (http://localhost:3000/node_modules/.vite/deps/chunk-47NAKN4Y.js?v=e7880d71:3886:18)
    at ks (http://localhost:3000/node_modules/.vite/deps/chunk-47NAKN4Y.js?v=e7880d71:4933:376)
    at tt (http://localhost:3000/node_modules/.vite/deps/chunk-47NAKN4Y.js?v=e7880d71:5260:20)
    at B (http://localhost:3000/node_modules/.vite/deps/chunk-47NAKN4Y.js?v=e7880d71:2717:63)
    at Ph (http://localhost:3000/node_modules/.vite/deps/chunk-47NAKN4Y.js?v=e7880d71:7133:44)
    at wh (http://localhost:3000/node_modules/.vite/deps/chunk-47NAKN4Y.js?v=e7880d71:7049:31)
    at Ff (http://localhost:3000/node_modules/.vite/deps/chunk-47NAKN4Y.js?v=e7880d71:7040:13)
    at Lf (http://localhost:3000/node_modules/.vite/deps/chunk-47NAKN4Y.js?v=e7880d71:6822:61)
[   24170ms] [ERROR] %o

%s

%s
 ReferenceError: ProceduralStreetLamps is not defined
    at SceneAssets (http://localhost:3000/src/components/3d/SceneAssets.tsx?t=1772170479350:52:28)
    at Object.react_stack_bottom_frame (http://localhost:3000/node_modules/.vite/deps/chunk-47NAKN4Y.js?v=e7880d71:7919:20)
    at It (http://localhost:3000/node_modules/.vite/deps/chunk-47NAKN4Y.js?v=e7880d71:3886:18)
    at ks (http://localhost:3000/node_modules/.vite/deps/chunk-47NAKN4Y.js?v=e7880d71:4933:376)
    at tt (http://localhost:3000/node_modules/.vite/deps/chunk-47NAKN4Y.js?v=e7880d71:5260:20)
    at B (http://localhost:3000/node_modules/.vite/deps/chunk-47NAKN4Y.js?v=e7880d71:2717:63)
    at Ph (http://localhost:3000/node_modules/.vite/deps/chunk-47NAKN4Y.js?v=e7880d71:7133:44)
    at wh (http://localhost:3000/node_modules/.vite/deps/chunk-47NAKN4Y.js?v=e7880d71:7049:31)
    at Ff (http://localhost:3000/node_modules/.vite/deps/chunk-47NAKN4Y.js?v=e7880d71:7040:13)
    at Lf (http://localhost:3000/node_modules/.vite/deps/chunk-47NAKN4Y.js?v=e7880d71:6822:61) The above error occurred in the <CanvasImpl> component. React will try to recreate this component tree from scratch using the error boundary you provided, ErrorBoundary. @ http://localhost:3000/node_modules/.vite/deps/chunk-RSZBRKH3.js?v=e7880d71:6732
[   24170ms] [ERROR] 3D Scene Error: ReferenceError: ProceduralStreetLamps is not defined
    at SceneAssets (http://localhost:3000/src/components/3d/SceneAssets.tsx?t=1772170479350:52:28)
    at Object.react_stack_bottom_frame (http://localhost:3000/node_modules/.vite/deps/chunk-47NAKN4Y.js?v=e7880d71:7919:20)
    at It (http://localhost:3000/node_modules/.vite/deps/chunk-47NAKN4Y.js?v=e7880d71:3886:18)
    at ks (http://localhost:3000/node_modules/.vite/deps/chunk-47NAKN4Y.js?v=e7880d71:4933:376)
    at tt (http://localhost:3000/node_modules/.vite/deps/chunk-47NAKN4Y.js?v=e7880d71:5260:20)
    at B (http://localhost:3000/node_modules/.vite/deps/chunk-47NAKN4Y.js?v=e7880d71:2717:63)
    at Ph (http://localhost:3000/node_modules/.vite/deps/chunk-47NAKN4Y.js?v=e7880d71:7133:44)
    at wh (http://localhost:3000/node_modules/.vite/deps/chunk-47NAKN4Y.js?v=e7880d71:7049:31)
    at Ff (http://localhost:3000/node_modules/.vite/deps/chunk-47NAKN4Y.js?v=e7880d71:7040:13)
    at Lf (http://localhost:3000/node_modules/.vite/deps/chunk-47NAKN4Y.js?v=e7880d71:6822:61) @ http://localhost:3000/src/components/ErrorBoundary.tsx:23
[   24171ms] [ERROR] Error Info: {componentStack: 
    at CanvasImpl (http://localhost:3000/node_mod…localhost:3000/src/App.tsx?t=1772170479350:29:21)} @ http://localhost:3000/src/components/ErrorBoundary.tsx:24
